Microchip MPLAB XC8 Compiler V1.42 ()

Linker command line:

-W-3 --edf=C:\Program Files (x86)\Microchip\xc8\v1.42\dat\en_msgs.txt -cs \
  -h+dist/default/production\can_test2.X.production.sym \
  --cmf=dist/default/production\can_test2.X.production.cmf -z -Q18F45K80 \
  -oC:\Users\FSAE\AppData\Local\Temp\sj5g.2 \
  -Mdist/default/production/can_test2.X.production.map -E1 -ver=XC8 \
  -ASTACK=060h-0e40h -pstack=STACK -ACODE=00h-07FFFh -ACONST=00h-07FFFh \
  -ASMALLCONST=0F00h-0FFFhx113 -AMEDIUMCONST=0F00h-07FFFh -ACOMRAM=01h-05Fh \
  -AABS1=00h-0E40h -ABIGRAM=01h-0E40h \
  -ARAM=060h-0FFh,0100h-01FFhx13,0E00h-0E40h -ABANK0=060h-0FFh \
  -ABANK1=0100h-01FFh -ABANK2=0200h-02FFh -ABANK3=0300h-03FFh \
  -ABANK4=0400h-04FFh -ABANK5=0500h-05FFh -ABANK6=0600h-06FFh \
  -ABANK7=0700h-07FFh -ABANK8=0800h-08FFh -ABANK9=0900h-09FFh \
  -ABANK10=0A00h-0AFFh -ABANK11=0B00h-0BFFh -ABANK12=0C00h-0CFFh \
  -ABANK13=0D00h-0DFFh -ABANK14=0E00h-0E40h \
  -ASFR=0E41h-0EFFh,0F00h-0F5Fh,0F60h-0FFFh \
  -preset_vec=00h,intcode=08h,intcodelo,powerup,init -pramtop=0F00h \
  -psmallconst=SMALLCONST -pmediumconst=MEDIUMCONST -pconst=CONST \
  -AFARRAM=00h-00h -ACONFIG=0300000h-030000Dh -pconfig=CONFIG \
  -AIDLOC=0200000h-0200007h -pidloc=IDLOC -AEEDATA=0F00000h-0F003FFh \
  -peeprom_data=EEDATA \
  -prdata=COMRAM,nvrram=COMRAM,nvbit=COMRAM,rbss=COMRAM,rbit=COMRAM \
  -pfarbss=FARRAM,fardata=FARRAM,nvFARRAM=FARRAM \
  -pintsave_regs=BIGRAM,bigbss=BIGRAM,bigdata=BIGRAM -pbss=RAM \
  -pidata=CODE,irdata=CODE,ibigdata=CODE,ifardata=CODE -prparam=COMRAM \
  C:\Users\FSAE\AppData\Local\Temp\sj5g.obj \
  dist/default/production\can_test2.X.production.obj 

Object code version is 3.11

Machine type is 18F45K80

Call graph: (short form)




                Name                               Link     Load   Length Selector   Space Scale
C:\Users\FSAE\AppData\Local\Temp\sj5g.obj
                init                                 88       88        4        4       0
                reset_vec                             0        0        4        0       0
                idloc                            200000   200000        8   200000       0
                config                           300000   300000        E   300000       0
dist/default/production\can_test2.X.production.obj
                intcode                               8        8       80        4       0
                temp                                 24       24        1        1       1
                text19                              6B6      6B6        2        4       0
                text18                              5EC      5EC       20        4       0
                text17                              6A0      6A0        C        4       0
                text15                              63C      63C       16        4       0
                text14                              694      694        C        4       0
                text13                              676      676       10        4       0
                text12                              60C      60C       1A        4       0
                text11                              4DE      4DE       50        4       0
                text10                              57A      57A       3C        4       0
                text9                               3FC      3FC       78        4       0
                text8                               5B6      5B6       36        4       0
                text7                                8C       8C      28A        4       0
                text6                               316      316       E6        4       0
                text5                               664      664       12        4       0
                text4                               6AC      6AC        A        4       0
                text3                               52E      52E       4C        4       0
                text2                               686      686        E        4       0
                text1                               652      652       12        4       0
                text0                               474      474       6A        4       0
                cstackCOMRAM                          1        1       1D        1       1
                bssCOMRAM                            1E       1E        4        1       1
                cinit                               626      626       16        4       0
                nvCOMRAM                             22       22        2        1       1

TOTAL           Name                               Link     Load   Length     Space
        CLASS   STACK          

        CLASS   CODE           
                intcode                               8        8       80         0
                init                                 88       88        4         0
                reset_vec                             0        0        4         0
                text19                              6B6      6B6        2         0
                text18                              5EC      5EC       20         0
                text17                              6A0      6A0        C         0
                text15                              63C      63C       16         0
                text14                              694      694        C         0
                text13                              676      676       10         0
                text12                              60C      60C       1A         0
                text11                              4DE      4DE       50         0
                text10                              57A      57A       3C         0
                text9                               3FC      3FC       78         0
                text8                               5B6      5B6       36         0
                text7                                8C       8C      28A         0
                text6                               316      316       E6         0
                text5                               664      664       12         0
                text4                               6AC      6AC        A         0
                text3                               52E      52E       4C         0
                text2                               686      686        E         0
                text1                               652      652       12         0
                text0                               474      474       6A         0
                cinit                               626      626       16         0

        CLASS   CONST          

        CLASS   SMALLCONST     

        CLASS   MEDIUMCONST    

        CLASS   COMRAM         
                temp                                 24       24        1         1
                cstackCOMRAM                          1        1       1D         1
                bssCOMRAM                            1E       1E        4         1
                nvCOMRAM                             22       22        2         1

        CLASS   ABS1           

        CLASS   BIGRAM         

        CLASS   RAM            

        CLASS   BANK0          

        CLASS   BANK1          

        CLASS   BANK2          

        CLASS   BANK3          

        CLASS   BANK4          

        CLASS   BANK5          

        CLASS   BANK6          

        CLASS   BANK7          

        CLASS   BANK8          

        CLASS   BANK9          

        CLASS   BANK10         

        CLASS   BANK11         

        CLASS   BANK12         

        CLASS   BANK13         

        CLASS   BANK14         

        CLASS   SFR            

        CLASS   FARRAM         

        CLASS   CONFIG         
                config                           300000   300000        E         0

        CLASS   IDLOC          
                idloc                            200000   200000        8         0

        CLASS   EEDATA         



SEGMENTS        Name                           Load    Length   Top    Selector   Space  Class

                reset_vec                      000000  000004  000004         0       0  CODE    
                cstackCOMRAM                   000001  000024  000025         1       1  COMRAM  
                intcode                        000008  0006B0  0006B8         4       0  CODE    
                idloc                          200000  000008  200008    200000       0  IDLOC   
                config                         300000  00000E  30000E    300000       0  CONFIG  


UNUSED ADDRESS RANGES

        Name                Unused          Largest block    Delta
        BANK0            000060-0000FF               A0
        BANK1            000100-0001FF              100
        BANK10           000A00-000AFF              100
        BANK11           000B00-000BFF              100
        BANK12           000C00-000CFF              100
        BANK13           000D00-000DFF              100
        BANK14           000E00-000E40               41
        BANK2            000200-0002FF              100
        BANK3            000300-0003FF              100
        BANK4            000400-0004FF              100
        BANK5            000500-0005FF              100
        BANK6            000600-0006FF              100
        BANK7            000700-0007FF              100
        BANK8            000800-0008FF              100
        BANK9            000900-0009FF              100
        BIGRAM           000025-000E40              E1C
        CODE             000004-000007                4
                         0006B8-007FFF             7948
        COMRAM           000025-00005F               3B
        CONST            000004-000007                4
                         0006B8-007FFF             7948
        EEDATA           F00000-F003FF              400
        MEDIUMCONST      000F00-007FFF             7100
        RAM              000060-000E40              100
        SFR              000E41-000FFF               BF
        SMALLCONST       000F00-007FFF              100
        STACK            000060-000E40              DE1

                                  Symbol Table

?_rd16                                     cstackCOMRAM 000010
EUSART1_Write@txData                       cstackCOMRAM 00000F
IOCB4_SetInterruptHandler@InterruptHandler cstackCOMRAM 00000F
SPI_Exchange8bit@data                      cstackCOMRAM 00000F
_ANCON0                                    (abs)        000F5D
_ANCON1                                    (abs)        000F5C
_BAUDCON1                                  (abs)        000FA7
_BAUDCON2                                  (abs)        000FB9
_BRGCON1                                   (abs)        000E43
_BRGCON2                                   (abs)        000E44
_BRGCON3                                   (abs)        000E45
_CANCON                                    (abs)        000F6F
_CANSTAT                                   (abs)        000F6E
_CIOCONbits                                (abs)        000F70
_COMSTATbits                               (abs)        000F71
_ECANCON                                   (abs)        000F72
_ECAN_Initialize                           text6        000316
_EUSART1_Initialize                        text15       00063C
_EUSART1_Write                             text14       000694
_FT800_Init                                text7        00008C
_INTCONbits                                (abs)        000FF2
_INTERRUPT_InterruptManager                intcode      000008
_IOCB4_DefaultInterruptHandler             text19       0006B6
_IOCB4_ISR                                 text18       0005EC
_IOCB4_InterruptHandler                    nvCOMRAM     000022
_IOCB4_SetInterruptHandler                 text4        0006AC
_IOCBbits                                  (abs)        000F5A
_LATA                                      (abs)        000F89
_LATAbits                                  (abs)        000F89
_LATB                                      (abs)        000F8A
_LATC                                      (abs)        000F8B
_LATCbits                                  (abs)        000F8B
_LATD                                      (abs)        000F8C
_LATDbits                                  (abs)        000F8C
_LATE                                      (abs)        000F8D
_OSCCON                                    (abs)        000FD3
_OSCCON2                                   (abs)        000FD2
_OSCILLATOR_Initialize                     text5        000664
_OSCTUNE                                   (abs)        000F9B
_PIE5bits                                  (abs)        000F76
_PIN_MANAGER_IOC                           text17       0006A0
_PIN_MANAGER_Initialize                    text3        00052E
_PIR1bits                                  (abs)        000F9E
_PIR3bits                                  (abs)        000FA4
_PIR5bits                                  (abs)        000F77
_RCONbits                                  (abs)        000FD0
_RCREG1                                    (abs)        000FAE
_RCREG2                                    (abs)        000F7A
_RCSTA1                                    (abs)        000FAB
_RCSTA1bits                                (abs)        000FAB
_RCSTA2                                    (abs)        000FA6
_RCSTA2bits                                (abs)        000FA6
_REFOCON                                   (abs)        000F9A
_RXB0CONbits                               (abs)        000F60
_RXB0D0                                    (abs)        000F66
_RXB0D1                                    (abs)        000F67
_RXB0D2                                    (abs)        000F68
_RXB0D3                                    (abs)        000F69
_RXB0D4                                    (abs)        000F6A
_RXB0D5                                    (abs)        000F6B
_RXB0D6                                    (abs)        000F6C
_RXB0D7                                    (abs)        000F6D
_RXB0DLC                                   (abs)        000F65
_RXB0EIDH                                  (abs)        000F63
_RXB0EIDL                                  (abs)        000F64
_RXB0SIDH                                  (abs)        000F61
_RXB0SIDL                                  (abs)        000F62
_RXB1CONbits                               (abs)        000F30
_RXB1D0                                    (abs)        000F36
_RXB1D1                                    (abs)        000F37
_RXB1D2                                    (abs)        000F38
_RXB1D3                                    (abs)        000F39
_RXB1D4                                    (abs)        000F3A
_RXB1D5                                    (abs)        000F3B
_RXB1D6                                    (abs)        000F3C
_RXB1D7                                    (abs)        000F3D
_RXB1DLC                                   (abs)        000F35
_RXB1EIDH                                  (abs)        000F33
_RXB1EIDL                                  (abs)        000F34
_RXB1SIDH                                  (abs)        000F31
_RXB1SIDL                                  (abs)        000F32
_RXF0EIDH                                  (abs)        000EE2
_RXF0EIDL                                  (abs)        000EE3
_RXF0SIDH                                  (abs)        000EE0
_RXF0SIDL                                  (abs)        000EE1
_RXF1EIDH                                  (abs)        000EE6
_RXF1EIDL                                  (abs)        000EE7
_RXF1SIDH                                  (abs)        000EE4
_RXF1SIDL                                  (abs)        000EE5
_RXF2EIDH                                  (abs)        000EEA
_RXF2EIDL                                  (abs)        000EEB
_RXF2SIDH                                  (abs)        000EE8
_RXF2SIDL                                  (abs)        000EE9
_RXF3EIDH                                  (abs)        000EEE
_RXF3EIDL                                  (abs)        000EEF
_RXF3SIDH                                  (abs)        000EEC
_RXF3SIDL                                  (abs)        000EED
_RXF4EIDH                                  (abs)        000EF2
_RXF4EIDL                                  (abs)        000EF3
_RXF4SIDH                                  (abs)        000EF0
_RXF4SIDL                                  (abs)        000EF1
_RXF5EIDH                                  (abs)        000EF6
_RXF5EIDL                                  (abs)        000EF7
_RXF5SIDH                                  (abs)        000EF4
_RXF5SIDL                                  (abs)        000EF5
_RXM0EIDH                                  (abs)        000EFA
_RXM0EIDL                                  (abs)        000EFB
_RXM0SIDH                                  (abs)        000EF8
_RXM0SIDL                                  (abs)        000EF9
_RXM1EIDH                                  (abs)        000EFE
_RXM1EIDL                                  (abs)        000EFF
_RXM1SIDH                                  (abs)        000EFC
_RXM1SIDL                                  (abs)        000EFD
_SPBRG1                                    (abs)        000FAF
_SPBRG2                                    (abs)        000F7B
_SPBRGH1                                   (abs)        000F7D
_SPBRGH2                                   (abs)        000F7C
_SPI_Exchange8bit                          text13       000676
_SPI_Initialize                            text2        000686
_SSPADD                                    (abs)        000FC8
_SSPBUF                                    (abs)        000FC9
_SSPCON1                                   (abs)        000FC6
_SSPCON1bits                               (abs)        000FC6
_SSPSTAT                                   (abs)        000FC7
_SSPSTATbits                               (abs)        000FC7
_SYSTEM_Initialize                         text1        000652
_TRISA                                     (abs)        000F92
_TRISB                                     (abs)        000F93
_TRISC                                     (abs)        000F94
_TRISD                                     (abs)        000F95
_TRISE                                     (abs)        000F96
_TXB0CONbits                               (abs)        000F20
_TXB0D0                                    (abs)        000F26
_TXB0D1                                    (abs)        000F27
_TXB0D2                                    (abs)        000F28
_TXB0D3                                    (abs)        000F29
_TXB0D4                                    (abs)        000F2A
_TXB0D5                                    (abs)        000F2B
_TXB0D6                                    (abs)        000F2C
_TXB0D7                                    (abs)        000F2D
_TXB0DLC                                   (abs)        000F25
_TXB0EIDH                                  (abs)        000F23
_TXB0EIDL                                  (abs)        000F24
_TXB0SIDH                                  (abs)        000F21
_TXB0SIDL                                  (abs)        000F22
_TXB1CONbits                               (abs)        000F10
_TXB1D0                                    (abs)        000F16
_TXB1D1                                    (abs)        000F17
_TXB1D2                                    (abs)        000F18
_TXB1D3                                    (abs)        000F19
_TXB1D4                                    (abs)        000F1A
_TXB1D5                                    (abs)        000F1B
_TXB1D6                                    (abs)        000F1C
_TXB1D7                                    (abs)        000F1D
_TXB1DLC                                   (abs)        000F15
_TXB1EIDH                                  (abs)        000F13
_TXB1EIDL                                  (abs)        000F14
_TXB1SIDH                                  (abs)        000F11
_TXB1SIDL                                  (abs)        000F12
_TXB2CONbits                               (abs)        000F00
_TXB2D0                                    (abs)        000F06
_TXB2D1                                    (abs)        000F07
_TXB2D2                                    (abs)        000F08
_TXB2D3                                    (abs)        000F09
_TXB2D4                                    (abs)        000F0A
_TXB2D5                                    (abs)        000F0B
_TXB2D6                                    (abs)        000F0C
_TXB2D7                                    (abs)        000F0D
_TXB2DLC                                   (abs)        000F05
_TXB2EIDH                                  (abs)        000F03
_TXB2EIDL                                  (abs)        000F04
_TXB2SIDH                                  (abs)        000F01
_TXB2SIDL                                  (abs)        000F02
_TXREG1                                    (abs)        000FAD
_TXREG2                                    (abs)        000F79
_TXSTA1                                    (abs)        000FAC
_TXSTA2                                    (abs)        000FBA
_WPUB                                      (abs)        000F5B
__CFG_BBSIZ$BB2K                           (abs)        000000
__CFG_BOREN$SBORDIS                        (abs)        000000
__CFG_BORPWR$ZPBORMV                       (abs)        000000
__CFG_BORV$3                               (abs)        000000
__CFG_CANMX$PORTB                          (abs)        000000
__CFG_CP0$OFF                              (abs)        000000
__CFG_CP1$OFF                              (abs)        000000
__CFG_CP2$OFF                              (abs)        000000
__CFG_CP3$OFF                              (abs)        000000
__CFG_CPB$OFF                              (abs)        000000
__CFG_CPD$OFF                              (abs)        000000
__CFG_EBTR0$OFF                            (abs)        000000
__CFG_EBTR1$OFF                            (abs)        000000
__CFG_EBTR2$OFF                            (abs)        000000
__CFG_EBTR3$OFF                            (abs)        000000
__CFG_EBTRB$OFF                            (abs)        000000
__CFG_FCMEN$OFF                            (abs)        000000
__CFG_FOSC$HS1                             (abs)        000000
__CFG_IESO$OFF                             (abs)        000000
__CFG_INTOSCSEL$HIGH                       (abs)        000000
__CFG_MCLRE$ON                             (abs)        000000
__CFG_MSSPMSK$MSK7                         (abs)        000000
__CFG_PLLCFG$OFF                           (abs)        000000
__CFG_PWRTEN$OFF                           (abs)        000000
__CFG_RETEN$OFF                            (abs)        000000
__CFG_SOSCSEL$DIG                          (abs)        000000
__CFG_STVREN$ON                            (abs)        000000
__CFG_WDTEN$OFF                            (abs)        000000
__CFG_WDTPS$1048576                        (abs)        000000
__CFG_WRT0$OFF                             (abs)        000000
__CFG_WRT1$OFF                             (abs)        000000
__CFG_WRT2$OFF                             (abs)        000000
__CFG_WRT3$OFF                             (abs)        000000
__CFG_WRTB$OFF                             (abs)        000000
__CFG_WRTC$OFF                             (abs)        000000
__CFG_WRTD$OFF                             (abs)        000000
__CFG_XINST$OFF                            (abs)        000000
__HRAM                                     (abs)        000000
__Habs1                                    abs1         000000
__Hbank0                                   bank0        000000
__Hbank1                                   bank1        000000
__Hbank10                                  bank10       000000
__Hbank11                                  bank11       000000
__Hbank12                                  bank12       000000
__Hbank13                                  bank13       000000
__Hbank14                                  bank14       000000
__Hbank2                                   bank2        000000
__Hbank3                                   bank3        000000
__Hbank4                                   bank4        000000
__Hbank5                                   bank5        000000
__Hbank6                                   bank6        000000
__Hbank7                                   bank7        000000
__Hbank8                                   bank8        000000
__Hbank9                                   bank9        000000
__Hbigbss                                  bigbss       000000
__Hbigdata                                 bigdata      000000
__Hbigram                                  bigram       000000
__Hbss                                     bss          000000
__HbssCOMRAM                               bssCOMRAM    000000
__Hcinit                                   cinit        000000
__Hclrtext                                 clrtext      000000
__Hcomram                                  comram       000000
__Hconfig                                  config       30000E
__Hconst                                   const        000000
__HcstackCOMRAM                            cstackCOMRAM 000000
__Hdata                                    data         000000
__Heeprom_data                             eeprom_data  000000
__Hfarbss                                  farbss       000000
__Hfardata                                 fardata      000000
__Hibigdata                                ibigdata     000000
__Hidata                                   idata        000000
__Hidloc                                   idloc        200008
__Hifardata                                ifardata     000000
__Hinit                                    init         00008C
__Hintcode                                 intcode      000088
__Hintcode_body                            intcode_body 000000
__Hintcodelo                               intcodelo    000088
__Hintentry                                intentry     000000
__Hintret                                  intret       000000
__Hintsave_regs                            intsave_regs 000000
__Hirdata                                  irdata       000000
__Hmediumconst                             mediumconst  000000
__HnvCOMRAM                                nvCOMRAM     000000
__HnvFARRAM                                nvFARRAM     000000
__Hnvbit                                   nvbit        000000
__Hnvrram                                  nvrram       000000
__Hparam                                   rparam       000000
__Hpowerup                                 powerup      000088
__Hram                                     ram          000000
__Hramtop                                  ramtop       000F00
__Hrbit                                    rbit         000000
__Hrbss                                    rbss         000000
__Hrdata                                   rdata        000000
__Hreset_vec                               reset_vec    000004
__Hrparam                                  rparam       000000
__Hsfr                                     sfr          000000
__Hsmallconst                              smallconst   000000
__Hspace_0                                 (abs)        30000E
__Hspace_1                                 (abs)        000025
__Hspace_2                                 (abs)        000000
__Hstack                                   stack        000000
__Hstruct                                  struct       000000
__Htemp                                    temp         000025
__Htext                                    text         000000
__Htext0                                   text0        000000
__Htext1                                   text1        000000
__Htext10                                  text10       000000
__Htext11                                  text11       000000
__Htext12                                  text12       000000
__Htext13                                  text13       000000
__Htext14                                  text14       000000
__Htext15                                  text15       000000
__Htext17                                  text17       000000
__Htext18                                  text18       000000
__Htext19                                  text19       000000
__Htext2                                   text2        000000
__Htext20                                  text20       000000
__Htext3                                   text3        000000
__Htext4                                   text4        000000
__Htext5                                   text5        000000
__Htext6                                   text6        000000
__Htext7                                   text7        000000
__Htext8                                   text8        000000
__Htext9                                   text9        000000
__LRAM                                     (abs)        000001
__Labs1                                    abs1         000000
__Lbank0                                   bank0        000000
__Lbank1                                   bank1        000000
__Lbank10                                  bank10       000000
__Lbank11                                  bank11       000000
__Lbank12                                  bank12       000000
__Lbank13                                  bank13       000000
__Lbank14                                  bank14       000000
__Lbank2                                   bank2        000000
__Lbank3                                   bank3        000000
__Lbank4                                   bank4        000000
__Lbank5                                   bank5        000000
__Lbank6                                   bank6        000000
__Lbank7                                   bank7        000000
__Lbank8                                   bank8        000000
__Lbank9                                   bank9        000000
__Lbigbss                                  bigbss       000000
__Lbigdata                                 bigdata      000000
__Lbigram                                  bigram       000000
__Lbss                                     bss          000000
__LbssCOMRAM                               bssCOMRAM    000000
__Lcinit                                   cinit        000000
__Lclrtext                                 clrtext      000000
__Lcomram                                  comram       000000
__Lconfig                                  config       300000
__Lconst                                   const        000000
__LcstackCOMRAM                            cstackCOMRAM 000000
__Ldata                                    data         000000
__Leeprom_data                             eeprom_data  000000
__Lfarbss                                  farbss       000000
__Lfardata                                 fardata      000000
__Libigdata                                ibigdata     000000
__Lidata                                   idata        000000
__Lidloc                                   idloc        200000
__Lifardata                                ifardata     000000
__Linit                                    init         000088
__Lintcode                                 intcode      000008
__Lintcode_body                            intcode_body 000000
__Lintcodelo                               intcodelo    000088
__Lintentry                                intentry     000000
__Lintret                                  intret       000000
__Lintsave_regs                            intsave_regs 000000
__Lirdata                                  irdata       000000
__Lmediumconst                             mediumconst  000000
__LnvCOMRAM                                nvCOMRAM     000000
__LnvFARRAM                                nvFARRAM     000000
__Lnvbit                                   nvbit        000000
__Lnvrram                                  nvrram       000000
__Lparam                                   rparam       000000
__Lpowerup                                 powerup      000088
__Lram                                     ram          000000
__Lramtop                                  ramtop       000F00
__Lrbit                                    rbit         000000
__Lrbss                                    rbss         000000
__Lrdata                                   rdata        000000
__Lreset_vec                               reset_vec    000000
__Lrparam                                  rparam       000000
__Lsfr                                     sfr          000000
__Lsmallconst                              smallconst   000000
__Lspace_0                                 (abs)        000000
__Lspace_1                                 (abs)        000000
__Lspace_2                                 (abs)        000000
__Lstack                                   stack        000000
__Lstruct                                  struct       000000
__Ltemp                                    temp         000024
__Ltext                                    text         000000
__Ltext0                                   text0        000000
__Ltext1                                   text1        000000
__Ltext10                                  text10       000000
__Ltext11                                  text11       000000
__Ltext12                                  text12       000000
__Ltext13                                  text13       000000
__Ltext14                                  text14       000000
__Ltext15                                  text15       000000
__Ltext17                                  text17       000000
__Ltext18                                  text18       000000
__Ltext19                                  text19       000000
__Ltext2                                   text2        000000
__Ltext20                                  text20       000000
__Ltext3                                   text3        000000
__Ltext4                                   text4        000000
__Ltext5                                   text5        000000
__Ltext6                                   text6        000000
__Ltext7                                   text7        000000
__Ltext8                                   text8        000000
__Ltext9                                   text9        000000
__S0                                       (abs)        30000E
__S1                                       (abs)        000025
__S2                                       (abs)        000000
___inthi_sp                                stack        000000
___intlo_sp                                stack        000000
___param_bank                              (abs)        000000
___rparam_used                             (abs)        000001
___sp                                      stack        000000
__accesstop                                (abs)        000060
__activetblptr                             (abs)        000002
__end_of_ECAN_Initialize                   text6        0003FC
__end_of_EUSART1_Initialize                text15       000652
__end_of_EUSART1_Write                     text14       0006A0
__end_of_FT800_Init                        text7        000316
__end_of_INTERRUPT_InterruptManager        intcode      000088
__end_of_IOCB4_DefaultInterruptHandler     text19       0006B8
__end_of_IOCB4_ISR                         text18       00060C
__end_of_IOCB4_SetInterruptHandler         text4        0006B6
__end_of_OSCILLATOR_Initialize             text5        000676
__end_of_PIN_MANAGER_IOC                   text17       0006AC
__end_of_PIN_MANAGER_Initialize            text3        00057A
__end_of_SPI_Exchange8bit                  text13       000686
__end_of_SPI_Initialize                    text2        000694
__end_of_SYSTEM_Initialize                 text1        000664
__end_of__initialization                   cinit        00062E
__end_of_host_command                      text12       000626
__end_of_main                              text0        0004DE
__end_of_rd16                              text11       00052E
__end_of_wr16                              text10       0005B6
__end_of_wr32                              text9        000474
__end_of_wr8                               text8        0005EC
__initialization                           cinit        000626
__mediumconst                              mediumconst  000000
__pbssCOMRAM                               bssCOMRAM    00001E
__pcinit                                   cinit        000626
__pcstackCOMRAM                            cstackCOMRAM 000001
__pintcode                                 intcode      000008
__pnvCOMRAM                                nvCOMRAM     000022
__ptext0                                   text0        000474
__ptext1                                   text1        000652
__ptext10                                  text10       00057A
__ptext11                                  text11       0004DE
__ptext12                                  text12       00060C
__ptext13                                  text13       000676
__ptext14                                  text14       000694
__ptext15                                  text15       00063C
__ptext17                                  text17       0006A0
__ptext18                                  text18       0005EC
__ptext19                                  text19       0006B6
__ptext2                                   text2        000686
__ptext20                                  text20       000000
__ptext3                                   text3        00052E
__ptext4                                   text4        0006AC
__ptext5                                   text5        000664
__ptext6                                   text6        000316
__ptext7                                   text7        00008C
__ptext8                                   text8        0005B6
__ptext9                                   text9        0003FC
__ramtop                                   ramtop       000F00
__size_of_ECAN_Initialize                  (abs)        000000
__size_of_EUSART1_Initialize               (abs)        000000
__size_of_EUSART1_Write                    (abs)        000000
__size_of_FT800_Init                       (abs)        000000
__size_of_INTERRUPT_InterruptManager       (abs)        000000
__size_of_IOCB4_DefaultInterruptHandler    (abs)        000000
__size_of_IOCB4_ISR                        (abs)        000000
__size_of_IOCB4_SetInterruptHandler        (abs)        000000
__size_of_OSCILLATOR_Initialize            (abs)        000000
__size_of_PIN_MANAGER_IOC                  (abs)        000000
__size_of_PIN_MANAGER_Initialize           (abs)        000000
__size_of_SPI_Exchange8bit                 (abs)        000000
__size_of_SPI_Initialize                   (abs)        000000
__size_of_SYSTEM_Initialize                (abs)        000000
__size_of_host_command                     (abs)        000000
__size_of_main                             (abs)        000000
__size_of_rd16                             (abs)        000000
__size_of_wr16                             (abs)        000000
__size_of_wr32                             (abs)        000000
__size_of_wr8                              (abs)        000000
__smallconst                               smallconst   000000
_cmd_offset                                bssCOMRAM    00001E
_dli                                       bssCOMRAM    000020
_host_command                              text12       00060C
_main                                      text0        000474
_rd16                                      text11       0004DE
_wr16                                      text10       00057A
_wr32                                      text9        0003FC
_wr8                                       text8        0005B6
btemp                                      temp         000024
end_of_initialization                      cinit        00062E
host_command@command                       cstackCOMRAM 000010
int$flags                                  temp         000024
intlevel0                                  text         000000
intlevel1                                  text         000000
intlevel2                                  text         000000
intlevel3                                  text         000000
rd16@addr                                  cstackCOMRAM 000010
rd16@temp                                  cstackCOMRAM 000016
stackhi                                    (abs)        000E40
stacklo                                    (abs)        000060
start                                      init         000088
start_initialization                       cinit        000626
wr16@addr                                  cstackCOMRAM 000010
wr16@value                                 cstackCOMRAM 000013
wr32@addr                                  cstackCOMRAM 000010
wr32@value                                 cstackCOMRAM 000013
wr8@addr                                   cstackCOMRAM 000010
wr8@value                                  cstackCOMRAM 000013


FUNCTION INFORMATION:

 *************** function _main *****************
 Defined at:
		line 18 in file "main.c"
 Parameters:    Size  Location     Type
		None
 Auto vars:     Size  Location     Type
  test           14    0        struct .
 Return value:  Size  Location     Type
                  1    wreg      void 
 Registers used:
		wreg, status,2, status,0, cstack
 Tracked objects:
		On entry : 
		On exit  : 
		Unchanged: 
 Data sizes:     COMRAM   BANK0   BANK1   BANK2   BANK3   BANK4   BANK5   BANK6   BANK7   BANK8   BANK9  BANK10  BANK11  BANK12  BANK13  BANK14
      Params:         0       0       0       0       0       0       0       0       0       0       0       0       0       0       0       0
      Locals:         0       0       0       0       0       0       0       0       0       0       0       0       0       0       0       0
      Temps:          2       0       0       0       0       0       0       0       0       0       0       0       0       0       0       0
      Totals:         2       0       0       0       0       0       0       0       0       0       0       0       0       0       0       0
Total ram usage:        2 bytes
 Hardware stack levels required when called:    7
 This function calls:
		_EUSART1_Initialize
		_EUSART1_Write
		_FT800_Init
		_SYSTEM_Initialize
 This function is called by:
		Startup code after reset
 This function uses a non-reentrant model


 *************** function _SYSTEM_Initialize *****************
 Defined at:
		line 111 in file "mcc_generated_files/mcc.c"
 Parameters:    Size  Location     Type
		None
 Auto vars:     Size  Location     Type
		None
 Return value:  Size  Location     Type
                  1    wreg      void 
 Registers used:
		wreg, status,2, status,0, cstack
 Tracked objects:
		On entry : 
		On exit  : 
		Unchanged: 
 Data sizes:     COMRAM   BANK0   BANK1   BANK2   BANK3   BANK4   BANK5   BANK6   BANK7   BANK8   BANK9  BANK10  BANK11  BANK12  BANK13  BANK14
      Params:         0       0       0       0       0       0       0       0       0       0       0       0       0       0       0       0
      Locals:         0       0       0       0       0       0       0       0       0       0       0       0       0       0       0       0
      Temps:          0       0       0       0       0       0       0       0       0       0       0       0       0       0       0       0
      Totals:         0       0       0       0       0       0       0       0       0       0       0       0       0       0       0       0
Total ram usage:        0 bytes
 Hardware stack levels used:    1
 Hardware stack levels required when called:    6
 This function calls:
		_ECAN_Initialize
		_OSCILLATOR_Initialize
		_PIN_MANAGER_Initialize
		_SPI_Initialize
 This function is called by:
		_main
 This function uses a non-reentrant model


 *************** function _SPI_Initialize *****************
 Defined at:
		line 63 in file "mcc_generated_files/spi.c"
 Parameters:    Size  Location     Type
		None
 Auto vars:     Size  Location     Type
		None
 Return value:  Size  Location     Type
                  1    wreg      void 
 Registers used:
		wreg, status,2
 Tracked objects:
		On entry : 
		On exit  : 
		Unchanged: 
 Data sizes:     COMRAM   BANK0   BANK1   BANK2   BANK3   BANK4   BANK5   BANK6   BANK7   BANK8   BANK9  BANK10  BANK11  BANK12  BANK13  BANK14
      Params:         0       0       0       0       0       0       0       0       0       0       0       0       0       0       0       0
      Locals:         0       0       0       0       0       0       0       0       0       0       0       0       0       0       0       0
      Temps:          0       0       0       0       0       0       0       0       0       0       0       0       0       0       0       0
      Totals:         0       0       0       0       0       0       0       0       0       0       0       0       0       0       0       0
Total ram usage:        0 bytes
 Hardware stack levels used:    1
 Hardware stack levels required when called:    4
 This function calls:
		Nothing
 This function is called by:
		_SYSTEM_Initialize
 This function uses a non-reentrant model


 *************** function _PIN_MANAGER_Initialize *****************
 Defined at:
		line 53 in file "mcc_generated_files/pin_manager.c"
 Parameters:    Size  Location     Type
		None
 Auto vars:     Size  Location     Type
		None
 Return value:  Size  Location     Type
                  1    wreg      void 
 Registers used:
		wreg, status,2, status,0, cstack
 Tracked objects:
		On entry : 
		On exit  : 
		Unchanged: 
 Data sizes:     COMRAM   BANK0   BANK1   BANK2   BANK3   BANK4   BANK5   BANK6   BANK7   BANK8   BANK9  BANK10  BANK11  BANK12  BANK13  BANK14
      Params:         0       0       0       0       0       0       0       0       0       0       0       0       0       0       0       0
      Locals:         0       0       0       0       0       0       0       0       0       0       0       0       0       0       0       0
      Temps:          0       0       0       0       0       0       0       0       0       0       0       0       0       0       0       0
      Totals:         0       0       0       0       0       0       0       0       0       0       0       0       0       0       0       0
Total ram usage:        0 bytes
 Hardware stack levels used:    1
 Hardware stack levels required when called:    5
 This function calls:
		_IOCB4_SetInterruptHandler
 This function is called by:
		_SYSTEM_Initialize
 This function uses a non-reentrant model


 *************** function _IOCB4_SetInterruptHandler *****************
 Defined at:
		line 130 in file "mcc_generated_files/pin_manager.c"
 Parameters:    Size  Location     Type
  InterruptHan    2   14[COMRAM] PTR void 
		 -> IOCB4_DefaultInterruptHandler(1), 
 Auto vars:     Size  Location     Type
		None
 Return value:  Size  Location     Type
                  1    wreg      void 
 Registers used:
		wreg, status,2, status,0
 Tracked objects:
		On entry : 
		On exit  : 
		Unchanged: 
 Data sizes:     COMRAM   BANK0   BANK1   BANK2   BANK3   BANK4   BANK5   BANK6   BANK7   BANK8   BANK9  BANK10  BANK11  BANK12  BANK13  BANK14
      Params:         2       0       0       0       0       0       0       0       0       0       0       0       0       0       0       0
      Locals:         0       0       0       0       0       0       0       0       0       0       0       0       0       0       0       0
      Temps:          0       0       0       0       0       0       0       0       0       0       0       0       0       0       0       0
      Totals:         2       0       0       0       0       0       0       0       0       0       0       0       0       0       0       0
Total ram usage:        2 bytes
 Hardware stack levels used:    1
 Hardware stack levels required when called:    4
 This function calls:
		Nothing
 This function is called by:
		_PIN_MANAGER_Initialize
 This function uses a non-reentrant model


 *************** function _OSCILLATOR_Initialize *****************
 Defined at:
		line 120 in file "mcc_generated_files/mcc.c"
 Parameters:    Size  Location     Type
		None
 Auto vars:     Size  Location     Type
		None
 Return value:  Size  Location     Type
                  1    wreg      void 
 Registers used:
		wreg, status,2
 Tracked objects:
		On entry : 
		On exit  : 
		Unchanged: 
 Data sizes:     COMRAM   BANK0   BANK1   BANK2   BANK3   BANK4   BANK5   BANK6   BANK7   BANK8   BANK9  BANK10  BANK11  BANK12  BANK13  BANK14
      Params:         0       0       0       0       0       0       0       0       0       0       0       0       0       0       0       0
      Locals:         0       0       0       0       0       0       0       0       0       0       0       0       0       0       0       0
      Temps:          0       0       0       0       0       0       0       0       0       0       0       0       0       0       0       0
      Totals:         0       0       0       0       0       0       0       0       0       0       0       0       0       0       0       0
Total ram usage:        0 bytes
 Hardware stack levels used:    1
 Hardware stack levels required when called:    4
 This function calls:
		Nothing
 This function is called by:
		_SYSTEM_Initialize
 This function uses a non-reentrant model


 *************** function _ECAN_Initialize *****************
 Defined at:
		line 63 in file "mcc_generated_files/ecan.c"
 Parameters:    Size  Location     Type
		None
 Auto vars:     Size  Location     Type
		None
 Return value:  Size  Location     Type
                  1    wreg      void 
 Registers used:
		wreg, status,2, status,0
 Tracked objects:
		On entry : 
		On exit  : 
		Unchanged: 
 Data sizes:     COMRAM   BANK0   BANK1   BANK2   BANK3   BANK4   BANK5   BANK6   BANK7   BANK8   BANK9  BANK10  BANK11  BANK12  BANK13  BANK14
      Params:         0       0       0       0       0       0       0       0       0       0       0       0       0       0       0       0
      Locals:         0       0       0       0       0       0       0       0       0       0       0       0       0       0       0       0
      Temps:          1       0       0       0       0       0       0       0       0       0       0       0       0       0       0       0
      Totals:         1       0       0       0       0       0       0       0       0       0       0       0       0       0       0       0
Total ram usage:        1 bytes
 Hardware stack levels used:    1
 Hardware stack levels required when called:    4
 This function calls:
		Nothing
 This function is called by:
		_SYSTEM_Initialize
 This function uses a non-reentrant model


 *************** function _FT800_Init *****************
 Defined at:
		line 139 in file "Gue/FT800.c"
 Parameters:    Size  Location     Type
		None
 Auto vars:     Size  Location     Type
		None
 Return value:  Size  Location     Type
                  1    wreg      void 
 Registers used:
		wreg, status,2, status,0, cstack
 Tracked objects:
		On entry : 
		On exit  : 
		Unchanged: 
 Data sizes:     COMRAM   BANK0   BANK1   BANK2   BANK3   BANK4   BANK5   BANK6   BANK7   BANK8   BANK9  BANK10  BANK11  BANK12  BANK13  BANK14
      Params:         0       0       0       0       0       0       0       0       0       0       0       0       0       0       0       0
      Locals:         0       0       0       0       0       0       0       0       0       0       0       0       0       0       0       0
      Temps:          1       0       0       0       0       0       0       0       0       0       0       0       0       0       0       0
      Totals:         1       0       0       0       0       0       0       0       0       0       0       0       0       0       0       0
Total ram usage:        1 bytes
 Hardware stack levels used:    1
 Hardware stack levels required when called:    6
 This function calls:
		_host_command
		_rd16
		_wr16
		_wr32
		_wr8
 This function is called by:
		_main
 This function uses a non-reentrant model


 *************** function _wr8 *****************
 Defined at:
		line 16 in file "Gue/FT800.c"
 Parameters:    Size  Location     Type
  addr            3   15[COMRAM] unsigned um
  value           1   18[COMRAM] unsigned char 
 Auto vars:     Size  Location     Type
		None
 Return value:  Size  Location     Type
                  1    wreg      void 
 Registers used:
		wreg, status,2, status,0, cstack
 Tracked objects:
		On entry : 
		On exit  : 
		Unchanged: 
 Data sizes:     COMRAM   BANK0   BANK1   BANK2   BANK3   BANK4   BANK5   BANK6   BANK7   BANK8   BANK9  BANK10  BANK11  BANK12  BANK13  BANK14
      Params:         4       0       0       0       0       0       0       0       0       0       0       0       0       0       0       0
      Locals:         0       0       0       0       0       0       0       0       0       0       0       0       0       0       0       0
      Temps:          3       0       0       0       0       0       0       0       0       0       0       0       0       0       0       0
      Totals:         7       0       0       0       0       0       0       0       0       0       0       0       0       0       0       0
Total ram usage:        7 bytes
 Hardware stack levels used:    1
 Hardware stack levels required when called:    5
 This function calls:
		_SPI_Exchange8bit
 This function is called by:
		_FT800_Init
 This function uses a non-reentrant model


 *************** function _wr32 *****************
 Defined at:
		line 34 in file "Gue/FT800.c"
 Parameters:    Size  Location     Type
  addr            3   15[COMRAM] unsigned um
  value           4   18[COMRAM] unsigned long 
 Auto vars:     Size  Location     Type
		None
 Return value:  Size  Location     Type
                  1    wreg      void 
 Registers used:
		wreg, status,2, status,0, cstack
 Tracked objects:
		On entry : 
		On exit  : 
		Unchanged: 
 Data sizes:     COMRAM   BANK0   BANK1   BANK2   BANK3   BANK4   BANK5   BANK6   BANK7   BANK8   BANK9  BANK10  BANK11  BANK12  BANK13  BANK14
      Params:         7       0       0       0       0       0       0       0       0       0       0       0       0       0       0       0
      Locals:         0       0       0       0       0       0       0       0       0       0       0       0       0       0       0       0
      Temps:          4       0       0       0       0       0       0       0       0       0       0       0       0       0       0       0
      Totals:        11       0       0       0       0       0       0       0       0       0       0       0       0       0       0       0
Total ram usage:       11 bytes
 Hardware stack levels used:    1
 Hardware stack levels required when called:    5
 This function calls:
		_SPI_Exchange8bit
 This function is called by:
		_FT800_Init
		_cmd
 This function uses a non-reentrant model


 *************** function _wr16 *****************
 Defined at:
		line 25 in file "Gue/FT800.c"
 Parameters:    Size  Location     Type
  addr            3   15[COMRAM] unsigned um
  value           2   18[COMRAM] unsigned int 
 Auto vars:     Size  Location     Type
		None
 Return value:  Size  Location     Type
                  1    wreg      void 
 Registers used:
		wreg, status,2, status,0, cstack
 Tracked objects:
		On entry : 
		On exit  : 
		Unchanged: 
 Data sizes:     COMRAM   BANK0   BANK1   BANK2   BANK3   BANK4   BANK5   BANK6   BANK7   BANK8   BANK9  BANK10  BANK11  BANK12  BANK13  BANK14
      Params:         5       0       0       0       0       0       0       0       0       0       0       0       0       0       0       0
      Locals:         0       0       0       0       0       0       0       0       0       0       0       0       0       0       0       0
      Temps:          3       0       0       0       0       0       0       0       0       0       0       0       0       0       0       0
      Totals:         8       0       0       0       0       0       0       0       0       0       0       0       0       0       0       0
Total ram usage:        8 bytes
 Hardware stack levels used:    1
 Hardware stack levels required when called:    5
 This function calls:
		_SPI_Exchange8bit
 This function is called by:
		_FT800_Init
 This function uses a non-reentrant model


 *************** function _rd16 *****************
 Defined at:
		line 72 in file "Gue/FT800.c"
 Parameters:    Size  Location     Type
  addr            3   15[COMRAM] unsigned um
 Auto vars:     Size  Location     Type
  temp            1   21[COMRAM] unsigned char 
 Return value:  Size  Location     Type
                  2   15[COMRAM] unsigned int 
 Registers used:
		wreg, status,2, cstack
 Tracked objects:
		On entry : 
		On exit  : 
		Unchanged: 
 Data sizes:     COMRAM   BANK0   BANK1   BANK2   BANK3   BANK4   BANK5   BANK6   BANK7   BANK8   BANK9  BANK10  BANK11  BANK12  BANK13  BANK14
      Params:         3       0       0       0       0       0       0       0       0       0       0       0       0       0       0       0
      Locals:         1       0       0       0       0       0       0       0       0       0       0       0       0       0       0       0
      Temps:          3       0       0       0       0       0       0       0       0       0       0       0       0       0       0       0
      Totals:         7       0       0       0       0       0       0       0       0       0       0       0       0       0       0       0
Total ram usage:        7 bytes
 Hardware stack levels used:    1
 Hardware stack levels required when called:    5
 This function calls:
		_SPI_Exchange8bit
 This function is called by:
		_FT800_Init
 This function uses a non-reentrant model


 *************** function _host_command *****************
 Defined at:
		line 8 in file "Gue/FT800.c"
 Parameters:    Size  Location     Type
  command         1    wreg     unsigned char 
 Auto vars:     Size  Location     Type
  command         1   15[COMRAM] unsigned char 
 Return value:  Size  Location     Type
                  1    wreg      void 
 Registers used:
		wreg, status,2, cstack
 Tracked objects:
		On entry : 
		On exit  : 
		Unchanged: 
 Data sizes:     COMRAM   BANK0   BANK1   BANK2   BANK3   BANK4   BANK5   BANK6   BANK7   BANK8   BANK9  BANK10  BANK11  BANK12  BANK13  BANK14
      Params:         0       0       0       0       0       0       0       0       0       0       0       0       0       0       0       0
      Locals:         1       0       0       0       0       0       0       0       0       0       0       0       0       0       0       0
      Temps:          0       0       0       0       0       0       0       0       0       0       0       0       0       0       0       0
      Totals:         1       0       0       0       0       0       0       0       0       0       0       0       0       0       0       0
Total ram usage:        1 bytes
 Hardware stack levels used:    1
 Hardware stack levels required when called:    5
 This function calls:
		_SPI_Exchange8bit
 This function is called by:
		_FT800_Init
 This function uses a non-reentrant model


 *************** function _SPI_Exchange8bit *****************
 Defined at:
		line 77 in file "mcc_generated_files/spi.c"
 Parameters:    Size  Location     Type
  data            1    wreg     unsigned char 
 Auto vars:     Size  Location     Type
  data            1   14[COMRAM] unsigned char 
 Return value:  Size  Location     Type
                  1    wreg      unsigned char 
 Registers used:
		wreg, status,2
 Tracked objects:
		On entry : 
		On exit  : 
		Unchanged: 
 Data sizes:     COMRAM   BANK0   BANK1   BANK2   BANK3   BANK4   BANK5   BANK6   BANK7   BANK8   BANK9  BANK10  BANK11  BANK12  BANK13  BANK14
      Params:         0       0       0       0       0       0       0       0       0       0       0       0       0       0       0       0
      Locals:         1       0       0       0       0       0       0       0       0       0       0       0       0       0       0       0
      Temps:          0       0       0       0       0       0       0       0       0       0       0       0       0       0       0       0
      Totals:         1       0       0       0       0       0       0       0       0       0       0       0       0       0       0       0
Total ram usage:        1 bytes
 Hardware stack levels used:    1
 Hardware stack levels required when called:    4
 This function calls:
		Nothing
 This function is called by:
		_host_command
		_wr8
		_wr16
		_wr32
		_rd16
		_SPI_Exchange8bitBuffer
		_wr8s
		_rd8
		_rd32
 This function uses a non-reentrant model


 *************** function _EUSART1_Write *****************
 Defined at:
		line 96 in file "mcc_generated_files/eusart1.c"
 Parameters:    Size  Location     Type
  txData          1    wreg     unsigned char 
 Auto vars:     Size  Location     Type
  txData          1   14[COMRAM] unsigned char 
 Return value:  Size  Location     Type
                  1    wreg      void 
 Registers used:
		wreg
 Tracked objects:
		On entry : 
		On exit  : 
		Unchanged: 
 Data sizes:     COMRAM   BANK0   BANK1   BANK2   BANK3   BANK4   BANK5   BANK6   BANK7   BANK8   BANK9  BANK10  BANK11  BANK12  BANK13  BANK14
      Params:         0       0       0       0       0       0       0       0       0       0       0       0       0       0       0       0
      Locals:         1       0       0       0       0       0       0       0       0       0       0       0       0       0       0       0
      Temps:          0       0       0       0       0       0       0       0       0       0       0       0       0       0       0       0
      Totals:         1       0       0       0       0       0       0       0       0       0       0       0       0       0       0       0
Total ram usage:        1 bytes
 Hardware stack levels used:    1
 Hardware stack levels required when called:    4
 This function calls:
		Nothing
 This function is called by:
		_main
 This function uses a non-reentrant model


 *************** function _EUSART1_Initialize *****************
 Defined at:
		line 55 in file "mcc_generated_files/eusart1.c"
 Parameters:    Size  Location     Type
		None
 Auto vars:     Size  Location     Type
		None
 Return value:  Size  Location     Type
                  1    wreg      void 
 Registers used:
		wreg, status,2
 Tracked objects:
		On entry : 
		On exit  : 
		Unchanged: 
 Data sizes:     COMRAM   BANK0   BANK1   BANK2   BANK3   BANK4   BANK5   BANK6   BANK7   BANK8   BANK9  BANK10  BANK11  BANK12  BANK13  BANK14
      Params:         0       0       0       0       0       0       0       0       0       0       0       0       0       0       0       0
      Locals:         0       0       0       0       0       0       0       0       0       0       0       0       0       0       0       0
      Temps:          0       0       0       0       0       0       0       0       0       0       0       0       0       0       0       0
      Totals:         0       0       0       0       0       0       0       0       0       0       0       0       0       0       0       0
Total ram usage:        0 bytes
 Hardware stack levels used:    1
 Hardware stack levels required when called:    4
 This function calls:
		Nothing
 This function is called by:
		_main
 This function uses a non-reentrant model


 *************** function _INTERRUPT_InterruptManager *****************
 Defined at:
		line 57 in file "mcc_generated_files/interrupt_manager.c"
 Parameters:    Size  Location     Type
		None
 Auto vars:     Size  Location     Type
		None
 Return value:  Size  Location     Type
                  1    wreg      void 
 Registers used:
		wreg, status,2, status,0, pclath, tosl, cstack
 Tracked objects:
		On entry : 
		On exit  : 
		Unchanged: 
 Data sizes:     COMRAM   BANK0   BANK1   BANK2   BANK3   BANK4   BANK5   BANK6   BANK7   BANK8   BANK9  BANK10  BANK11  BANK12  BANK13  BANK14
      Params:         0       0       0       0       0       0       0       0       0       0       0       0       0       0       0       0
      Locals:         0       0       0       0       0       0       0       0       0       0       0       0       0       0       0       0
      Temps:         14       0       0       0       0       0       0       0       0       0       0       0       0       0       0       0
      Totals:        14       0       0       0       0       0       0       0       0       0       0       0       0       0       0       0
Total ram usage:       14 bytes
 Hardware stack levels used:    1
 Hardware stack levels required when called:    3
 This function calls:
		_PIN_MANAGER_IOC
 This function is called by:
		Interrupt level 2
 This function uses a non-reentrant model


 *************** function _PIN_MANAGER_IOC *****************
 Defined at:
		line 100 in file "mcc_generated_files/pin_manager.c"
 Parameters:    Size  Location     Type
		None
 Auto vars:     Size  Location     Type
		None
 Return value:  Size  Location     Type
                  1    wreg      void 
 Registers used:
		wreg, status,2, status,0, pclath, tosl, cstack
 Tracked objects:
		On entry : 
		On exit  : 
		Unchanged: 
 Data sizes:     COMRAM   BANK0   BANK1   BANK2   BANK3   BANK4   BANK5   BANK6   BANK7   BANK8   BANK9  BANK10  BANK11  BANK12  BANK13  BANK14
      Params:         0       0       0       0       0       0       0       0       0       0       0       0       0       0       0       0
      Locals:         0       0       0       0       0       0       0       0       0       0       0       0       0       0       0       0
      Temps:          0       0       0       0       0       0       0       0       0       0       0       0       0       0       0       0
      Totals:         0       0       0       0       0       0       0       0       0       0       0       0       0       0       0       0
Total ram usage:        0 bytes
 Hardware stack levels used:    1
 Hardware stack levels required when called:    2
 This function calls:
		_IOCB4_ISR
 This function is called by:
		_INTERRUPT_InterruptManager
 This function uses a non-reentrant model


 *************** function _IOCB4_ISR *****************
 Defined at:
		line 116 in file "mcc_generated_files/pin_manager.c"
 Parameters:    Size  Location     Type
		None
 Auto vars:     Size  Location     Type
		None
 Return value:  Size  Location     Type
                  1    wreg      void 
 Registers used:
		wreg, status,2, status,0, pclath, tosl, cstack
 Tracked objects:
		On entry : 
		On exit  : 
		Unchanged: 
 Data sizes:     COMRAM   BANK0   BANK1   BANK2   BANK3   BANK4   BANK5   BANK6   BANK7   BANK8   BANK9  BANK10  BANK11  BANK12  BANK13  BANK14
      Params:         0       0       0       0       0       0       0       0       0       0       0       0       0       0       0       0
      Locals:         0       0       0       0       0       0       0       0       0       0       0       0       0       0       0       0
      Temps:          0       0       0       0       0       0       0       0       0       0       0       0       0       0       0       0
      Totals:         0       0       0       0       0       0       0       0       0       0       0       0       0       0       0       0
Total ram usage:        0 bytes
 Hardware stack levels used:    1
 Hardware stack levels required when called:    1
 This function calls:
		Absolute function
		_IOCB4_DefaultInterruptHandler
 This function is called by:
		_PIN_MANAGER_IOC
 This function uses a non-reentrant model


 *************** function _IOCB4_DefaultInterruptHandler *****************
 Defined at:
		line 137 in file "mcc_generated_files/pin_manager.c"
 Parameters:    Size  Location     Type
		None
 Auto vars:     Size  Location     Type
		None
 Return value:  Size  Location     Type
                  1    wreg      void 
 Registers used:
		None
 Tracked objects:
		On entry : 
		On exit  : 
		Unchanged: 
 Data sizes:     COMRAM   BANK0   BANK1   BANK2   BANK3   BANK4   BANK5   BANK6   BANK7   BANK8   BANK9  BANK10  BANK11  BANK12  BANK13  BANK14
      Params:         0       0       0       0       0       0       0       0       0       0       0       0       0       0       0       0
      Locals:         0       0       0       0       0       0       0       0       0       0       0       0       0       0       0       0
      Temps:          0       0       0       0       0       0       0       0       0       0       0       0       0       0       0       0
      Totals:         0       0       0       0       0       0       0       0       0       0       0       0       0       0       0       0
Total ram usage:        0 bytes
 Hardware stack levels used:    1
 This function calls:
		Nothing
 This function is called by:
		_PIN_MANAGER_Initialize
		_IOCB4_ISR
 This function uses a non-reentrant model



MODULE INFORMATION

Module		Function		Class		Link	Load	Size
mcc_generated_files/interrupt_manager.c
		_INTERRUPT_InterruptManager		CODE           	0008	0000	129

mcc_generated_files/interrupt_manager.c estimated size: 129

mcc_generated_files/pin_manager.c
		_IOCB4_DefaultInterruptHandler		CODE           	06B6	0000	3
		_PIN_MANAGER_Initialize		CODE           	052E	0000	77
		_PIN_MANAGER_IOC		CODE           	06A0	0000	13
		_IOCB4_SetInterruptHandler		CODE           	06AC	0000	11
		_IOCB4_ISR     		CODE           	05EC	0000	33

mcc_generated_files/pin_manager.c estimated size: 137

Gue/FT800.c
		_rd16          		CODE           	04DE	0000	81
		_wr8           		CODE           	05B6	0000	55
		_wr32          		CODE           	03FC	0000	121
		_host_command  		CODE           	060C	0000	27
		_FT800_Init    		CODE           	008C	0000	651
		_wr16          		CODE           	057A	0000	61

Gue/FT800.c estimated size: 996

mcc_generated_files/ecan.c
		_ECAN_Initialize		CODE           	0316	0000	231

mcc_generated_files/ecan.c estimated size: 231

mcc_generated_files/spi.c
		_SPI_Exchange8bit		CODE           	0676	0000	17
		_SPI_Initialize		CODE           	0686	0000	15

mcc_generated_files/spi.c estimated size: 32

shared
		__initialization		CODE           	0626	0000	9

shared estimated size: 9

mcc_generated_files/eusart1.c
		_EUSART1_Initialize		CODE           	063C	0000	23
		_EUSART1_Write 		CODE           	0694	0000	13

mcc_generated_files/eusart1.c estimated size: 36

mcc_generated_files/mcc.c
		_OSCILLATOR_Initialize		CODE           	0664	0000	19
		_SYSTEM_Initialize		CODE           	0652	0000	19

mcc_generated_files/mcc.c estimated size: 38

main.c
		_main          		CODE           	0474	0000	107

main.c estimated size: 107

