Microchip MPLAB XC8 Compiler V1.42 ()

Linker command line:

-W-3 --edf=C:\Program Files (x86)\Microchip\xc8\v1.42\dat\en_msgs.txt -cs \
  -h+dist/default/production\can_test2.X.production.sym \
  --cmf=dist/default/production\can_test2.X.production.cmf -z -Q18F45K80 \
  -oC:\Users\FSAE\AppData\Local\Temp\sat0.2 \
  -Mdist/default/production/can_test2.X.production.map -E1 -ver=XC8 \
  -ASTACK=060h-0e40h -pstack=STACK -ACODE=00h-07FFFh -ACONST=00h-07FFFh \
  -ASMALLCONST=0F00h-0FFFhx113 -AMEDIUMCONST=0F00h-07FFFh -ACOMRAM=01h-05Fh \
  -AABS1=00h-0E40h -ABIGRAM=01h-0E40h \
  -ARAM=060h-0FFh,0100h-01FFhx13,0E00h-0E40h -ABANK0=060h-0FFh \
  -ABANK1=0100h-01FFh -ABANK2=0200h-02FFh -ABANK3=0300h-03FFh \
  -ABANK4=0400h-04FFh -ABANK5=0500h-05FFh -ABANK6=0600h-06FFh \
  -ABANK7=0700h-07FFh -ABANK8=0800h-08FFh -ABANK9=0900h-09FFh \
  -ABANK10=0A00h-0AFFh -ABANK11=0B00h-0BFFh -ABANK12=0C00h-0CFFh \
  -ABANK13=0D00h-0DFFh -ABANK14=0E00h-0E40h \
  -ASFR=0E41h-0EFFh,0F00h-0F5Fh,0F60h-0FFFh \
  -preset_vec=00h,intcode,intcodelo,powerup,init -pramtop=0F00h \
  -psmallconst=SMALLCONST -pmediumconst=MEDIUMCONST -pconst=CONST \
  -AFARRAM=00h-00h -ACONFIG=0300000h-030000Dh -pconfig=CONFIG \
  -AIDLOC=0200000h-0200007h -pidloc=IDLOC -AEEDATA=0F00000h-0F003FFh \
  -peeprom_data=EEDATA \
  -prdata=COMRAM,nvrram=COMRAM,nvbit=COMRAM,rbss=COMRAM,rbit=COMRAM \
  -pfarbss=FARRAM,fardata=FARRAM,nvFARRAM=FARRAM \
  -pintsave_regs=BIGRAM,bigbss=BIGRAM,bigdata=BIGRAM -pbss=RAM \
  -pidata=CODE,irdata=CODE,ibigdata=CODE,ifardata=CODE -prparam=COMRAM \
  C:\Users\FSAE\AppData\Local\Temp\sat0.obj \
  dist/default/production\can_test2.X.production.obj 

Object code version is 3.11

Machine type is 18F45K80

Call graph: (short form)




                Name                               Link     Load   Length Selector   Space Scale
C:\Users\FSAE\AppData\Local\Temp\sat0.obj
                init                                  0        0        4        0       0
                idloc                            200000   200000        8   200000       0
                config                           300000   300000        E   300000       0
dist/default/production\can_test2.X.production.obj
                text17                             7528     7528      148     3A94       0
                text16                             72F6     72F6       86     397B       0
                text15                             780E     780E      22A     3C07       0
                text14                             7670     7670      19E     3B38       0
                text13                             7CC2     7CC2      33E     3E61       0
                text12                             7134     7134       10     389A       0
                text11                             7168     7168       1A     38B4       0
                text10                             722E     722E       50     3917       0
                text9                              71F2     71F2       3C     38F9       0
                text8                              727E     727E       78     393F       0
                text7                              7182     7182       36     38C1       0
                text6                              7A38     7A38      28A     3D1C       0
                text5                              7442     7442       E6     3A21       0
                text4                              7144     7144       12     38A2       0
                text3                              71B8     71B8       3A     38DC       0
                text2                              7118     7118        E     388C       0
                text1                              7156     7156       12     38AB       0
                text0                              737C     737C       C6     39BE       0
                cstackCOMRAM                          1        1       2C        1       1
                bssCOMRAM                            2D       2D        4        1       1
                cinit                              7126     7126        E     3893       0

TOTAL           Name                               Link     Load   Length     Space
        CLASS   STACK          

        CLASS   CODE           
                init                                  0        0        4         0
                text17                             7528     7528      148         0
                text16                             72F6     72F6       86         0
                text15                             780E     780E      22A         0
                text14                             7670     7670      19E         0
                text13                             7CC2     7CC2      33E         0
                text12                             7134     7134       10         0
                text11                             7168     7168       1A         0
                text10                             722E     722E       50         0
                text9                              71F2     71F2       3C         0
                text8                              727E     727E       78         0
                text7                              7182     7182       36         0
                text6                              7A38     7A38      28A         0
                text5                              7442     7442       E6         0
                text4                              7144     7144       12         0
                text3                              71B8     71B8       3A         0
                text2                              7118     7118        E         0
                text1                              7156     7156       12         0
                text0                              737C     737C       C6         0
                cinit                              7126     7126        E         0

        CLASS   CONST          

        CLASS   SMALLCONST     

        CLASS   MEDIUMCONST    

        CLASS   COMRAM         
                cstackCOMRAM                          1        1       2C         1
                bssCOMRAM                            2D       2D        4         1

        CLASS   ABS1           

        CLASS   BIGRAM         

        CLASS   RAM            

        CLASS   BANK0          

        CLASS   BANK1          

        CLASS   BANK2          

        CLASS   BANK3          

        CLASS   BANK4          

        CLASS   BANK5          

        CLASS   BANK6          

        CLASS   BANK7          

        CLASS   BANK8          

        CLASS   BANK9          

        CLASS   BANK10         

        CLASS   BANK11         

        CLASS   BANK12         

        CLASS   BANK13         

        CLASS   BANK14         

        CLASS   SFR            

        CLASS   FARRAM         

        CLASS   CONFIG         
                config                           300000   300000        E         0

        CLASS   IDLOC          
                idloc                            200000   200000        8         0

        CLASS   EEDATA         



SEGMENTS        Name                           Load    Length   Top    Selector   Space  Class

                reset_vec                      000000  000004  000004         0       0  CODE    
                cstackCOMRAM                   000001  000030  000031         1       1  COMRAM  
                text2                          007118  00000E  007126      388C       0  CODE    
                cinit                          007126  00000E  007134      3893       0  CODE    
                text12                         007134  000010  007144      389A       0  CODE    
                text4                          007144  000012  007156      38A2       0  CODE    
                text1                          007156  000012  007168      38AB       0  CODE    
                text11                         007168  00001A  007182      38B4       0  CODE    
                text7                          007182  000036  0071B8      38C1       0  CODE    
                text3                          0071B8  00003A  0071F2      38DC       0  CODE    
                text9                          0071F2  00003C  00722E      38F9       0  CODE    
                text10                         00722E  000050  00727E      3917       0  CODE    
                text8                          00727E  000078  0072F6      393F       0  CODE    
                text16                         0072F6  000086  00737C      397B       0  CODE    
                text0                          00737C  0000C6  007442      39BE       0  CODE    
                text5                          007442  0000E6  007528      3A21       0  CODE    
                text17                         007528  000148  007670      3A94       0  CODE    
                text14                         007670  00019E  00780E      3B38       0  CODE    
                text15                         00780E  00022A  007A38      3C07       0  CODE    
                text6                          007A38  00028A  007CC2      3D1C       0  CODE    
                text13                         007CC2  00033E  008000      3E61       0  CODE    
                idloc                          200000  000008  200008    200000       0  IDLOC   
                config                         300000  00000E  30000E    300000       0  CONFIG  


UNUSED ADDRESS RANGES

        Name                Unused          Largest block    Delta
        BANK0            000060-0000FF               A0
        BANK1            000100-0001FF              100
        BANK10           000A00-000AFF              100
        BANK11           000B00-000BFF              100
        BANK12           000C00-000CFF              100
        BANK13           000D00-000DFF              100
        BANK14           000E00-000E40               41
        BANK2            000200-0002FF              100
        BANK3            000300-0003FF              100
        BANK4            000400-0004FF              100
        BANK5            000500-0005FF              100
        BANK6            000600-0006FF              100
        BANK7            000700-0007FF              100
        BANK8            000800-0008FF              100
        BANK9            000900-0009FF              100
        BIGRAM           000031-000E40              E10
        CODE             000004-007117             7114
        COMRAM           000031-00005F               2F
        CONST            000004-007117             7114
        EEDATA           F00000-F003FF              400
        MEDIUMCONST      000F00-007117             6218
        RAM              000060-000E40              100
        SFR              000E41-000FFF               BF
        SMALLCONST       000F00-007117              100
        STACK            000060-000E40              DE1

                                  Symbol Table

?_convertReg2ExtendedCANid                         cstackCOMRAM 000001
?_convertReg2StandardCANid                         cstackCOMRAM 000001
?_rd16                                             cstackCOMRAM 000002
CAN_receive@returnValue                            cstackCOMRAM 000016
CAN_receive@tempCanMsg                             cstackCOMRAM 000014
CAN_transmit@returnValue                           cstackCOMRAM 000015
CAN_transmit@tempCanMsg                            cstackCOMRAM 000013
CAN_transmit@tempEIDH                              cstackCOMRAM 000016
CAN_transmit@tempEIDL                              cstackCOMRAM 000017
CAN_transmit@tempSIDH                              cstackCOMRAM 000018
CAN_transmit@tempSIDL                              cstackCOMRAM 000019
SPI_Exchange8bit@data                              cstackCOMRAM 000001
_ANCON0                                            (abs)        000F5D
_ANCON0bits                                        (abs)        000F5D
_ANCON1                                            (abs)        000F5C
_BRGCON1                                           (abs)        000E43
_BRGCON2                                           (abs)        000E44
_BRGCON3                                           (abs)        000E45
_CANCON                                            (abs)        000F6F
_CANSTAT                                           (abs)        000F6E
_CAN_receive                                       text15       00780E
_CAN_transmit                                      text13       007CC2
_CIOCONbits                                        (abs)        000F70
_COMSTATbits                                       (abs)        000F71
_ECANCON                                           (abs)        000F72
_ECAN_Initialize                                   text5        007442
_FT800_Init                                        text6        007A38
_LATA                                              (abs)        000F89
_LATAbits                                          (abs)        000F89
_LATB                                              (abs)        000F8A
_LATC                                              (abs)        000F8B
_LATCbits                                          (abs)        000F8B
_LATD                                              (abs)        000F8C
_LATDbits                                          (abs)        000F8C
_LATE                                              (abs)        000F8D
_OSCCON                                            (abs)        000FD3
_OSCCON2                                           (abs)        000FD2
_OSCILLATOR_Initialize                             text4        007144
_OSCTUNE                                           (abs)        000F9B
_PIE5bits                                          (abs)        000F76
_PIN_MANAGER_Initialize                            text3        0071B8
_PIR5bits                                          (abs)        000F77
_REFOCON                                           (abs)        000F9A
_RXB0CONbits                                       (abs)        000F60
_RXB0D0                                            (abs)        000F66
_RXB0D1                                            (abs)        000F67
_RXB0D2                                            (abs)        000F68
_RXB0D3                                            (abs)        000F69
_RXB0D4                                            (abs)        000F6A
_RXB0D5                                            (abs)        000F6B
_RXB0D6                                            (abs)        000F6C
_RXB0D7                                            (abs)        000F6D
_RXB0DLC                                           (abs)        000F65
_RXB0EIDH                                          (abs)        000F63
_RXB0EIDL                                          (abs)        000F64
_RXB0SIDH                                          (abs)        000F61
_RXB0SIDL                                          (abs)        000F62
_RXB1CONbits                                       (abs)        000F30
_RXB1D0                                            (abs)        000F36
_RXB1D1                                            (abs)        000F37
_RXB1D2                                            (abs)        000F38
_RXB1D3                                            (abs)        000F39
_RXB1D4                                            (abs)        000F3A
_RXB1D5                                            (abs)        000F3B
_RXB1D6                                            (abs)        000F3C
_RXB1D7                                            (abs)        000F3D
_RXB1DLC                                           (abs)        000F35
_RXB1EIDH                                          (abs)        000F33
_RXB1EIDL                                          (abs)        000F34
_RXB1SIDH                                          (abs)        000F31
_RXB1SIDL                                          (abs)        000F32
_RXF0EIDH                                          (abs)        000EE2
_RXF0EIDL                                          (abs)        000EE3
_RXF0SIDH                                          (abs)        000EE0
_RXF0SIDL                                          (abs)        000EE1
_RXF1EIDH                                          (abs)        000EE6
_RXF1EIDL                                          (abs)        000EE7
_RXF1SIDH                                          (abs)        000EE4
_RXF1SIDL                                          (abs)        000EE5
_RXF2EIDH                                          (abs)        000EEA
_RXF2EIDL                                          (abs)        000EEB
_RXF2SIDH                                          (abs)        000EE8
_RXF2SIDL                                          (abs)        000EE9
_RXF3EIDH                                          (abs)        000EEE
_RXF3EIDL                                          (abs)        000EEF
_RXF3SIDH                                          (abs)        000EEC
_RXF3SIDL                                          (abs)        000EED
_RXF4EIDH                                          (abs)        000EF2
_RXF4EIDL                                          (abs)        000EF3
_RXF4SIDH                                          (abs)        000EF0
_RXF4SIDL                                          (abs)        000EF1
_RXF5EIDH                                          (abs)        000EF6
_RXF5EIDL                                          (abs)        000EF7
_RXF5SIDH                                          (abs)        000EF4
_RXF5SIDL                                          (abs)        000EF5
_RXM0EIDH                                          (abs)        000EFA
_RXM0EIDL                                          (abs)        000EFB
_RXM0SIDH                                          (abs)        000EF8
_RXM0SIDL                                          (abs)        000EF9
_RXM1EIDH                                          (abs)        000EFE
_RXM1EIDL                                          (abs)        000EFF
_RXM1SIDH                                          (abs)        000EFC
_RXM1SIDL                                          (abs)        000EFD
_SPI_Exchange8bit                                  text12       007134
_SPI_Initialize                                    text2        007118
_SSPADD                                            (abs)        000FC8
_SSPBUF                                            (abs)        000FC9
_SSPCON1                                           (abs)        000FC6
_SSPCON1bits                                       (abs)        000FC6
_SSPSTAT                                           (abs)        000FC7
_SSPSTATbits                                       (abs)        000FC7
_SYSTEM_Initialize                                 text1        007156
_TRISA                                             (abs)        000F92
_TRISA5                                            (abs)        007C95
_TRISAbits                                         (abs)        000F92
_TRISB                                             (abs)        000F93
_TRISC                                             (abs)        000F94
_TRISC3                                            (abs)        007CA3
_TRISC5                                            (abs)        007CA5
_TRISCbits                                         (abs)        000F94
_TRISD                                             (abs)        000F95
_TRISDbits                                         (abs)        000F95
_TRISE                                             (abs)        000F96
_TXB0CONbits                                       (abs)        000F20
_TXB0D0                                            (abs)        000F26
_TXB0D1                                            (abs)        000F27
_TXB0D2                                            (abs)        000F28
_TXB0D3                                            (abs)        000F29
_TXB0D4                                            (abs)        000F2A
_TXB0D5                                            (abs)        000F2B
_TXB0D6                                            (abs)        000F2C
_TXB0D7                                            (abs)        000F2D
_TXB0DLC                                           (abs)        000F25
_TXB0EIDH                                          (abs)        000F23
_TXB0EIDL                                          (abs)        000F24
_TXB0SIDH                                          (abs)        000F21
_TXB0SIDL                                          (abs)        000F22
_TXB1CONbits                                       (abs)        000F10
_TXB1D0                                            (abs)        000F16
_TXB1D1                                            (abs)        000F17
_TXB1D2                                            (abs)        000F18
_TXB1D3                                            (abs)        000F19
_TXB1D4                                            (abs)        000F1A
_TXB1D5                                            (abs)        000F1B
_TXB1D6                                            (abs)        000F1C
_TXB1D7                                            (abs)        000F1D
_TXB1DLC                                           (abs)        000F15
_TXB1EIDH                                          (abs)        000F13
_TXB1EIDL                                          (abs)        000F14
_TXB1SIDH                                          (abs)        000F11
_TXB1SIDL                                          (abs)        000F12
_TXB2CONbits                                       (abs)        000F00
_TXB2D0                                            (abs)        000F06
_TXB2D1                                            (abs)        000F07
_TXB2D2                                            (abs)        000F08
_TXB2D3                                            (abs)        000F09
_TXB2D4                                            (abs)        000F0A
_TXB2D5                                            (abs)        000F0B
_TXB2D6                                            (abs)        000F0C
_TXB2D7                                            (abs)        000F0D
_TXB2DLC                                           (abs)        000F05
_TXB2EIDH                                          (abs)        000F03
_TXB2EIDL                                          (abs)        000F04
_TXB2SIDH                                          (abs)        000F01
_TXB2SIDL                                          (abs)        000F02
_WPUB                                              (abs)        000F5B
__CFG_BBSIZ$BB2K                                   (abs)        000000
__CFG_BOREN$SBORDIS                                (abs)        000000
__CFG_BORPWR$ZPBORMV                               (abs)        000000
__CFG_BORV$3                                       (abs)        000000
__CFG_CANMX$PORTB                                  (abs)        000000
__CFG_CP0$OFF                                      (abs)        000000
__CFG_CP1$OFF                                      (abs)        000000
__CFG_CP2$OFF                                      (abs)        000000
__CFG_CP3$OFF                                      (abs)        000000
__CFG_CPB$OFF                                      (abs)        000000
__CFG_CPD$OFF                                      (abs)        000000
__CFG_EBTR0$OFF                                    (abs)        000000
__CFG_EBTR1$OFF                                    (abs)        000000
__CFG_EBTR2$OFF                                    (abs)        000000
__CFG_EBTR3$OFF                                    (abs)        000000
__CFG_EBTRB$OFF                                    (abs)        000000
__CFG_FCMEN$OFF                                    (abs)        000000
__CFG_FOSC$HS1                                     (abs)        000000
__CFG_IESO$OFF                                     (abs)        000000
__CFG_INTOSCSEL$HIGH                               (abs)        000000
__CFG_MCLRE$ON                                     (abs)        000000
__CFG_MSSPMSK$MSK7                                 (abs)        000000
__CFG_PLLCFG$OFF                                   (abs)        000000
__CFG_PWRTEN$OFF                                   (abs)        000000
__CFG_RETEN$OFF                                    (abs)        000000
__CFG_SOSCSEL$DIG                                  (abs)        000000
__CFG_STVREN$ON                                    (abs)        000000
__CFG_WDTEN$OFF                                    (abs)        000000
__CFG_WDTPS$1048576                                (abs)        000000
__CFG_WRT0$OFF                                     (abs)        000000
__CFG_WRT1$OFF                                     (abs)        000000
__CFG_WRT2$OFF                                     (abs)        000000
__CFG_WRT3$OFF                                     (abs)        000000
__CFG_WRTB$OFF                                     (abs)        000000
__CFG_WRTC$OFF                                     (abs)        000000
__CFG_WRTD$OFF                                     (abs)        000000
__CFG_XINST$OFF                                    (abs)        000000
__HRAM                                             (abs)        000000
__Habs1                                            abs1         000000
__Hbank0                                           bank0        000000
__Hbank1                                           bank1        000000
__Hbank10                                          bank10       000000
__Hbank11                                          bank11       000000
__Hbank12                                          bank12       000000
__Hbank13                                          bank13       000000
__Hbank14                                          bank14       000000
__Hbank2                                           bank2        000000
__Hbank3                                           bank3        000000
__Hbank4                                           bank4        000000
__Hbank5                                           bank5        000000
__Hbank6                                           bank6        000000
__Hbank7                                           bank7        000000
__Hbank8                                           bank8        000000
__Hbank9                                           bank9        000000
__Hbigbss                                          bigbss       000000
__Hbigdata                                         bigdata      000000
__Hbigram                                          bigram       000000
__Hbss                                             bss          000000
__HbssCOMRAM                                       bssCOMRAM    000000
__Hcinit                                           cinit        000000
__Hclrtext                                         clrtext      000000
__Hcomram                                          comram       000000
__Hconfig                                          config       30000E
__Hconst                                           const        000000
__HcstackCOMRAM                                    cstackCOMRAM 000000
__Hdata                                            data         000000
__Heeprom_data                                     eeprom_data  000000
__Hfarbss                                          farbss       000000
__Hfardata                                         fardata      000000
__Hibigdata                                        ibigdata     000000
__Hidata                                           idata        000000
__Hidloc                                           idloc        200008
__Hifardata                                        ifardata     000000
__Hinit                                            init         000004
__Hintcode                                         intcode      000000
__Hintcode_body                                    intcode_body 000000
__Hintcodelo                                       intcodelo    000000
__Hintentry                                        intentry     000000
__Hintret                                          intret       000000
__Hintsave_regs                                    intsave_regs 000000
__Hirdata                                          irdata       000000
__Hmediumconst                                     mediumconst  000000
__HnvFARRAM                                        nvFARRAM     000000
__Hnvbit                                           nvbit        000000
__Hnvrram                                          nvrram       000000
__Hparam                                           rparam       000000
__Hpowerup                                         powerup      000000
__Hram                                             ram          000000
__Hramtop                                          ramtop       000F00
__Hrbit                                            rbit         000000
__Hrbss                                            rbss         000000
__Hrdata                                           rdata        000000
__Hreset_vec                                       reset_vec    000000
__Hrparam                                          rparam       000000
__Hsfr                                             sfr          000000
__Hsmallconst                                      smallconst   000000
__Hspace_0                                         (abs)        30000E
__Hspace_1                                         (abs)        000031
__Hspace_2                                         (abs)        000000
__Hstack                                           stack        000000
__Hstruct                                          struct       000000
__Htemp                                            temp         000000
__Htext                                            text         000000
__Htext0                                           text0        000000
__Htext1                                           text1        000000
__Htext10                                          text10       000000
__Htext11                                          text11       000000
__Htext12                                          text12       000000
__Htext13                                          text13       000000
__Htext14                                          text14       000000
__Htext15                                          text15       000000
__Htext16                                          text16       000000
__Htext17                                          text17       000000
__Htext2                                           text2        000000
__Htext3                                           text3        000000
__Htext4                                           text4        000000
__Htext5                                           text5        000000
__Htext6                                           text6        000000
__Htext7                                           text7        000000
__Htext8                                           text8        000000
__Htext9                                           text9        000000
__LRAM                                             (abs)        000001
__Labs1                                            abs1         000000
__Lbank0                                           bank0        000000
__Lbank1                                           bank1        000000
__Lbank10                                          bank10       000000
__Lbank11                                          bank11       000000
__Lbank12                                          bank12       000000
__Lbank13                                          bank13       000000
__Lbank14                                          bank14       000000
__Lbank2                                           bank2        000000
__Lbank3                                           bank3        000000
__Lbank4                                           bank4        000000
__Lbank5                                           bank5        000000
__Lbank6                                           bank6        000000
__Lbank7                                           bank7        000000
__Lbank8                                           bank8        000000
__Lbank9                                           bank9        000000
__Lbigbss                                          bigbss       000000
__Lbigdata                                         bigdata      000000
__Lbigram                                          bigram       000000
__Lbss                                             bss          000000
__LbssCOMRAM                                       bssCOMRAM    000000
__Lcinit                                           cinit        000000
__Lclrtext                                         clrtext      000000
__Lcomram                                          comram       000000
__Lconfig                                          config       300000
__Lconst                                           const        000000
__LcstackCOMRAM                                    cstackCOMRAM 000000
__Ldata                                            data         000000
__Leeprom_data                                     eeprom_data  000000
__Lfarbss                                          farbss       000000
__Lfardata                                         fardata      000000
__Libigdata                                        ibigdata     000000
__Lidata                                           idata        000000
__Lidloc                                           idloc        200000
__Lifardata                                        ifardata     000000
__Linit                                            init         000000
__Lintcode                                         intcode      000000
__Lintcode_body                                    intcode_body 000000
__Lintcodelo                                       intcodelo    000000
__Lintentry                                        intentry     000000
__Lintret                                          intret       000000
__Lintsave_regs                                    intsave_regs 000000
__Lirdata                                          irdata       000000
__Lmediumconst                                     mediumconst  000000
__LnvFARRAM                                        nvFARRAM     000000
__Lnvbit                                           nvbit        000000
__Lnvrram                                          nvrram       000000
__Lparam                                           rparam       000000
__Lpowerup                                         powerup      000000
__Lram                                             ram          000000
__Lramtop                                          ramtop       000F00
__Lrbit                                            rbit         000000
__Lrbss                                            rbss         000000
__Lrdata                                           rdata        000000
__Lreset_vec                                       reset_vec    000000
__Lrparam                                          rparam       000000
__Lsfr                                             sfr          000000
__Lsmallconst                                      smallconst   000000
__Lspace_0                                         (abs)        000000
__Lspace_1                                         (abs)        000000
__Lspace_2                                         (abs)        000000
__Lstack                                           stack        000000
__Lstruct                                          struct       000000
__Ltemp                                            temp         000000
__Ltext                                            text         000000
__Ltext0                                           text0        000000
__Ltext1                                           text1        000000
__Ltext10                                          text10       000000
__Ltext11                                          text11       000000
__Ltext12                                          text12       000000
__Ltext13                                          text13       000000
__Ltext14                                          text14       000000
__Ltext15                                          text15       000000
__Ltext16                                          text16       000000
__Ltext17                                          text17       000000
__Ltext2                                           text2        000000
__Ltext3                                           text3        000000
__Ltext4                                           text4        000000
__Ltext5                                           text5        000000
__Ltext6                                           text6        000000
__Ltext7                                           text7        000000
__Ltext8                                           text8        000000
__Ltext9                                           text9        000000
__S0                                               (abs)        30000E
__S1                                               (abs)        000031
__S2                                               (abs)        000000
___inthi_sp                                        stack        000000
___intlo_sp                                        stack        000000
___param_bank                                      (abs)        000000
___rparam_used                                     (abs)        000001
___sp                                              stack        000000
__accesstop                                        (abs)        000060
__activetblptr                                     (abs)        000000
__end_of_CAN_receive                               text15       007A38
__end_of_CAN_transmit                              text13       008000
__end_of_ECAN_Initialize                           text5        007528
__end_of_FT800_Init                                text6        007CC2
__end_of_OSCILLATOR_Initialize                     text4        007156
__end_of_PIN_MANAGER_Initialize                    text3        0071F2
__end_of_SPI_Exchange8bit                          text12       007144
__end_of_SPI_Initialize                            text2        007126
__end_of_SYSTEM_Initialize                         text1        007168
__end_of__initialization                           cinit        00712E
__end_of_convertCANid2Reg                          text14       00780E
__end_of_convertReg2ExtendedCANid                  text17       007670
__end_of_convertReg2StandardCANid                  text16       00737C
__end_of_host_command                              text11       007182
__end_of_main                                      text0        007442
__end_of_rd16                                      text10       00727E
__end_of_wr16                                      text9        00722E
__end_of_wr32                                      text8        0072F6
__end_of_wr8                                       text7        0071B8
__initialization                                   cinit        007126
__mediumconst                                      mediumconst  000000
__pbssCOMRAM                                       bssCOMRAM    00002D
__pcinit                                           cinit        007126
__pcstackCOMRAM                                    cstackCOMRAM 000001
__ptext0                                           text0        00737C
__ptext1                                           text1        007156
__ptext10                                          text10       00722E
__ptext11                                          text11       007168
__ptext12                                          text12       007134
__ptext13                                          text13       007CC2
__ptext14                                          text14       007670
__ptext15                                          text15       00780E
__ptext16                                          text16       0072F6
__ptext17                                          text17       007528
__ptext2                                           text2        007118
__ptext3                                           text3        0071B8
__ptext4                                           text4        007144
__ptext5                                           text5        007442
__ptext6                                           text6        007A38
__ptext7                                           text7        007182
__ptext8                                           text8        00727E
__ptext9                                           text9        0071F2
__ramtop                                           ramtop       000F00
__size_of_CAN_receive                              (abs)        000000
__size_of_CAN_transmit                             (abs)        000000
__size_of_ECAN_Initialize                          (abs)        000000
__size_of_FT800_Init                               (abs)        000000
__size_of_OSCILLATOR_Initialize                    (abs)        000000
__size_of_PIN_MANAGER_Initialize                   (abs)        000000
__size_of_SPI_Exchange8bit                         (abs)        000000
__size_of_SPI_Initialize                           (abs)        000000
__size_of_SYSTEM_Initialize                        (abs)        000000
__size_of_convertCANid2Reg                         (abs)        000000
__size_of_convertReg2ExtendedCANid                 (abs)        000000
__size_of_convertReg2StandardCANid                 (abs)        000000
__size_of_host_command                             (abs)        000000
__size_of_main                                     (abs)        000000
__size_of_rd16                                     (abs)        000000
__size_of_wr16                                     (abs)        000000
__size_of_wr32                                     (abs)        000000
__size_of_wr8                                      (abs)        000000
__smallconst                                       smallconst   000000
_cmd_offset                                        bssCOMRAM    00002D
_convertCANid2Reg                                  text14       007670
_convertReg2ExtendedCANid                          text17       007528
_convertReg2StandardCANid                          text16       0072F6
_dli                                               bssCOMRAM    00002F
_host_command                                      text11       007168
_main                                              text0        00737C
_rd16                                              text10       00722E
_wr16                                              text9        0071F2
_wr32                                              text8        00727E
_wr8                                               text7        007182
convertCANid2Reg@canIdType                         cstackCOMRAM 000005
convertCANid2Reg@passedInEIDH                      cstackCOMRAM 000006
convertCANid2Reg@passedInEIDL                      cstackCOMRAM 000008
convertCANid2Reg@passedInSIDH                      cstackCOMRAM 00000A
convertCANid2Reg@passedInSIDL                      cstackCOMRAM 00000C
convertCANid2Reg@tempPassedInID                    cstackCOMRAM 000001
convertCANid2Reg@wipSIDL                           cstackCOMRAM 000012
convertReg2ExtendedCANid@CAN_standardLo_ID_hi3bits cstackCOMRAM 00000F
convertReg2ExtendedCANid@CAN_standardLo_ID_lo2bits cstackCOMRAM 00000E
convertReg2ExtendedCANid@ConvertedID               cstackCOMRAM 000010
convertReg2ExtendedCANid@returnValue               cstackCOMRAM 00000A
convertReg2ExtendedCANid@tempRXBn_EIDH             cstackCOMRAM 000009
convertReg2ExtendedCANid@tempRXBn_EIDL             cstackCOMRAM 000001
convertReg2ExtendedCANid@tempRXBn_SIDH             cstackCOMRAM 000002
convertReg2ExtendedCANid@tempRXBn_SIDL             cstackCOMRAM 000003
convertReg2StandardCANid@ConvertedID               cstackCOMRAM 00000C
convertReg2StandardCANid@returnValue               cstackCOMRAM 000008
convertReg2StandardCANid@tempRXBn_SIDH             cstackCOMRAM 000007
convertReg2StandardCANid@tempRXBn_SIDL             cstackCOMRAM 000001
end_of_initialization                              cinit        00712E
host_command@command                               cstackCOMRAM 000002
intlevel0                                          text         000000
intlevel1                                          text         000000
intlevel2                                          text         000000
intlevel3                                          text         000000
main@data0                                         cstackCOMRAM 00001B
main@data1                                         cstackCOMRAM 00001D
main@test                                          cstackCOMRAM 00001F
rd16@addr                                          cstackCOMRAM 000002
rd16@temp                                          cstackCOMRAM 000008
stackhi                                            (abs)        000E40
stacklo                                            (abs)        000060
start                                              init         000000
start_initialization                               cinit        007126
wr16@addr                                          cstackCOMRAM 000002
wr16@value                                         cstackCOMRAM 000005
wr32@addr                                          cstackCOMRAM 000002
wr32@value                                         cstackCOMRAM 000005
wr8@addr                                           cstackCOMRAM 000002
wr8@value                                          cstackCOMRAM 000005


FUNCTION INFORMATION:

 *************** function _main *****************
 Defined at:
		line 18 in file "main.c"
 Parameters:    Size  Location     Type
		None
 Auto vars:     Size  Location     Type
  data1           2   28[COMRAM] int 
  data0           2   26[COMRAM] int 
  test           14   30[COMRAM] struct .
 Return value:  Size  Location     Type
                  1    wreg      void 
 Registers used:
		wreg, fsr2l, fsr2h, status,2, status,0, cstack
 Tracked objects:
		On entry : 
		On exit  : 
		Unchanged: 
 Data sizes:     COMRAM   BANK0   BANK1   BANK2   BANK3   BANK4   BANK5   BANK6   BANK7   BANK8   BANK9  BANK10  BANK11  BANK12  BANK13  BANK14
      Params:         0       0       0       0       0       0       0       0       0       0       0       0       0       0       0       0
      Locals:        18       0       0       0       0       0       0       0       0       0       0       0       0       0       0       0
      Temps:          1       0       0       0       0       0       0       0       0       0       0       0       0       0       0       0
      Totals:        19       0       0       0       0       0       0       0       0       0       0       0       0       0       0       0
Total ram usage:       19 bytes
 Hardware stack levels required when called:    3
 This function calls:
		_CAN_receive
		_CAN_transmit
		_FT800_Init
		_SYSTEM_Initialize
 This function is called by:
		Startup code after reset
 This function uses a non-reentrant model


 *************** function _SYSTEM_Initialize *****************
 Defined at:
		line 111 in file "mcc_generated_files/mcc.c"
 Parameters:    Size  Location     Type
		None
 Auto vars:     Size  Location     Type
		None
 Return value:  Size  Location     Type
                  1    wreg      void 
 Registers used:
		wreg, status,2, status,0, cstack
 Tracked objects:
		On entry : 
		On exit  : 
		Unchanged: 
 Data sizes:     COMRAM   BANK0   BANK1   BANK2   BANK3   BANK4   BANK5   BANK6   BANK7   BANK8   BANK9  BANK10  BANK11  BANK12  BANK13  BANK14
      Params:         0       0       0       0       0       0       0       0       0       0       0       0       0       0       0       0
      Locals:         0       0       0       0       0       0       0       0       0       0       0       0       0       0       0       0
      Temps:          0       0       0       0       0       0       0       0       0       0       0       0       0       0       0       0
      Totals:         0       0       0       0       0       0       0       0       0       0       0       0       0       0       0       0
Total ram usage:        0 bytes
 Hardware stack levels used:    1
 Hardware stack levels required when called:    1
 This function calls:
		_ECAN_Initialize
		_OSCILLATOR_Initialize
		_PIN_MANAGER_Initialize
		_SPI_Initialize
 This function is called by:
		_main
 This function uses a non-reentrant model


 *************** function _SPI_Initialize *****************
 Defined at:
		line 63 in file "mcc_generated_files/spi.c"
 Parameters:    Size  Location     Type
		None
 Auto vars:     Size  Location     Type
		None
 Return value:  Size  Location     Type
                  1    wreg      void 
 Registers used:
		wreg, status,2
 Tracked objects:
		On entry : 
		On exit  : 
		Unchanged: 
 Data sizes:     COMRAM   BANK0   BANK1   BANK2   BANK3   BANK4   BANK5   BANK6   BANK7   BANK8   BANK9  BANK10  BANK11  BANK12  BANK13  BANK14
      Params:         0       0       0       0       0       0       0       0       0       0       0       0       0       0       0       0
      Locals:         0       0       0       0       0       0       0       0       0       0       0       0       0       0       0       0
      Temps:          0       0       0       0       0       0       0       0       0       0       0       0       0       0       0       0
      Totals:         0       0       0       0       0       0       0       0       0       0       0       0       0       0       0       0
Total ram usage:        0 bytes
 Hardware stack levels used:    1
 This function calls:
		Nothing
 This function is called by:
		_SYSTEM_Initialize
 This function uses a non-reentrant model


 *************** function _PIN_MANAGER_Initialize *****************
 Defined at:
		line 51 in file "mcc_generated_files/pin_manager.c"
 Parameters:    Size  Location     Type
		None
 Auto vars:     Size  Location     Type
		None
 Return value:  Size  Location     Type
                  1    wreg      void 
 Registers used:
		wreg, status,2
 Tracked objects:
		On entry : 
		On exit  : 
		Unchanged: 
 Data sizes:     COMRAM   BANK0   BANK1   BANK2   BANK3   BANK4   BANK5   BANK6   BANK7   BANK8   BANK9  BANK10  BANK11  BANK12  BANK13  BANK14
      Params:         0       0       0       0       0       0       0       0       0       0       0       0       0       0       0       0
      Locals:         0       0       0       0       0       0       0       0       0       0       0       0       0       0       0       0
      Temps:          0       0       0       0       0       0       0       0       0       0       0       0       0       0       0       0
      Totals:         0       0       0       0       0       0       0       0       0       0       0       0       0       0       0       0
Total ram usage:        0 bytes
 Hardware stack levels used:    1
 This function calls:
		Nothing
 This function is called by:
		_SYSTEM_Initialize
 This function uses a non-reentrant model


 *************** function _OSCILLATOR_Initialize *****************
 Defined at:
		line 120 in file "mcc_generated_files/mcc.c"
 Parameters:    Size  Location     Type
		None
 Auto vars:     Size  Location     Type
		None
 Return value:  Size  Location     Type
                  1    wreg      void 
 Registers used:
		wreg, status,2
 Tracked objects:
		On entry : 
		On exit  : 
		Unchanged: 
 Data sizes:     COMRAM   BANK0   BANK1   BANK2   BANK3   BANK4   BANK5   BANK6   BANK7   BANK8   BANK9  BANK10  BANK11  BANK12  BANK13  BANK14
      Params:         0       0       0       0       0       0       0       0       0       0       0       0       0       0       0       0
      Locals:         0       0       0       0       0       0       0       0       0       0       0       0       0       0       0       0
      Temps:          0       0       0       0       0       0       0       0       0       0       0       0       0       0       0       0
      Totals:         0       0       0       0       0       0       0       0       0       0       0       0       0       0       0       0
Total ram usage:        0 bytes
 Hardware stack levels used:    1
 This function calls:
		Nothing
 This function is called by:
		_SYSTEM_Initialize
 This function uses a non-reentrant model


 *************** function _ECAN_Initialize *****************
 Defined at:
		line 63 in file "mcc_generated_files/ecan.c"
 Parameters:    Size  Location     Type
		None
 Auto vars:     Size  Location     Type
		None
 Return value:  Size  Location     Type
                  1    wreg      void 
 Registers used:
		wreg, status,2, status,0
 Tracked objects:
		On entry : 
		On exit  : 
		Unchanged: 
 Data sizes:     COMRAM   BANK0   BANK1   BANK2   BANK3   BANK4   BANK5   BANK6   BANK7   BANK8   BANK9  BANK10  BANK11  BANK12  BANK13  BANK14
      Params:         0       0       0       0       0       0       0       0       0       0       0       0       0       0       0       0
      Locals:         0       0       0       0       0       0       0       0       0       0       0       0       0       0       0       0
      Temps:          1       0       0       0       0       0       0       0       0       0       0       0       0       0       0       0
      Totals:         1       0       0       0       0       0       0       0       0       0       0       0       0       0       0       0
Total ram usage:        1 bytes
 Hardware stack levels used:    1
 This function calls:
		Nothing
 This function is called by:
		_SYSTEM_Initialize
 This function uses a non-reentrant model


 *************** function _FT800_Init *****************
 Defined at:
		line 139 in file "Gue/FT800.c"
 Parameters:    Size  Location     Type
		None
 Auto vars:     Size  Location     Type
		None
 Return value:  Size  Location     Type
                  1    wreg      void 
 Registers used:
		wreg, status,2, status,0, cstack
 Tracked objects:
		On entry : 
		On exit  : 
		Unchanged: 
 Data sizes:     COMRAM   BANK0   BANK1   BANK2   BANK3   BANK4   BANK5   BANK6   BANK7   BANK8   BANK9  BANK10  BANK11  BANK12  BANK13  BANK14
      Params:         0       0       0       0       0       0       0       0       0       0       0       0       0       0       0       0
      Locals:         0       0       0       0       0       0       0       0       0       0       0       0       0       0       0       0
      Temps:          1       0       0       0       0       0       0       0       0       0       0       0       0       0       0       0
      Totals:         1       0       0       0       0       0       0       0       0       0       0       0       0       0       0       0
Total ram usage:        1 bytes
 Hardware stack levels used:    1
 Hardware stack levels required when called:    2
 This function calls:
		_host_command
		_rd16
		_wr16
		_wr32
		_wr8
 This function is called by:
		_main
 This function uses a non-reentrant model


 *************** function _wr8 *****************
 Defined at:
		line 16 in file "Gue/FT800.c"
 Parameters:    Size  Location     Type
  addr            3    1[COMRAM] unsigned um
  value           1    4[COMRAM] unsigned char 
 Auto vars:     Size  Location     Type
		None
 Return value:  Size  Location     Type
                  1    wreg      void 
 Registers used:
		wreg, status,2, status,0, cstack
 Tracked objects:
		On entry : 
		On exit  : 
		Unchanged: 
 Data sizes:     COMRAM   BANK0   BANK1   BANK2   BANK3   BANK4   BANK5   BANK6   BANK7   BANK8   BANK9  BANK10  BANK11  BANK12  BANK13  BANK14
      Params:         4       0       0       0       0       0       0       0       0       0       0       0       0       0       0       0
      Locals:         0       0       0       0       0       0       0       0       0       0       0       0       0       0       0       0
      Temps:          3       0       0       0       0       0       0       0       0       0       0       0       0       0       0       0
      Totals:         7       0       0       0       0       0       0       0       0       0       0       0       0       0       0       0
Total ram usage:        7 bytes
 Hardware stack levels used:    1
 Hardware stack levels required when called:    1
 This function calls:
		_SPI_Exchange8bit
 This function is called by:
		_FT800_Init
 This function uses a non-reentrant model


 *************** function _wr32 *****************
 Defined at:
		line 34 in file "Gue/FT800.c"
 Parameters:    Size  Location     Type
  addr            3    1[COMRAM] unsigned um
  value           4    4[COMRAM] unsigned long 
 Auto vars:     Size  Location     Type
		None
 Return value:  Size  Location     Type
                  1    wreg      void 
 Registers used:
		wreg, status,2, status,0, cstack
 Tracked objects:
		On entry : 
		On exit  : 
		Unchanged: 
 Data sizes:     COMRAM   BANK0   BANK1   BANK2   BANK3   BANK4   BANK5   BANK6   BANK7   BANK8   BANK9  BANK10  BANK11  BANK12  BANK13  BANK14
      Params:         7       0       0       0       0       0       0       0       0       0       0       0       0       0       0       0
      Locals:         0       0       0       0       0       0       0       0       0       0       0       0       0       0       0       0
      Temps:          4       0       0       0       0       0       0       0       0       0       0       0       0       0       0       0
      Totals:        11       0       0       0       0       0       0       0       0       0       0       0       0       0       0       0
Total ram usage:       11 bytes
 Hardware stack levels used:    1
 Hardware stack levels required when called:    1
 This function calls:
		_SPI_Exchange8bit
 This function is called by:
		_FT800_Init
		_cmd
 This function uses a non-reentrant model


 *************** function _wr16 *****************
 Defined at:
		line 25 in file "Gue/FT800.c"
 Parameters:    Size  Location     Type
  addr            3    1[COMRAM] unsigned um
  value           2    4[COMRAM] unsigned int 
 Auto vars:     Size  Location     Type
		None
 Return value:  Size  Location     Type
                  1    wreg      void 
 Registers used:
		wreg, status,2, status,0, cstack
 Tracked objects:
		On entry : 
		On exit  : 
		Unchanged: 
 Data sizes:     COMRAM   BANK0   BANK1   BANK2   BANK3   BANK4   BANK5   BANK6   BANK7   BANK8   BANK9  BANK10  BANK11  BANK12  BANK13  BANK14
      Params:         5       0       0       0       0       0       0       0       0       0       0       0       0       0       0       0
      Locals:         0       0       0       0       0       0       0       0       0       0       0       0       0       0       0       0
      Temps:          3       0       0       0       0       0       0       0       0       0       0       0       0       0       0       0
      Totals:         8       0       0       0       0       0       0       0       0       0       0       0       0       0       0       0
Total ram usage:        8 bytes
 Hardware stack levels used:    1
 Hardware stack levels required when called:    1
 This function calls:
		_SPI_Exchange8bit
 This function is called by:
		_FT800_Init
 This function uses a non-reentrant model


 *************** function _rd16 *****************
 Defined at:
		line 72 in file "Gue/FT800.c"
 Parameters:    Size  Location     Type
  addr            3    1[COMRAM] unsigned um
 Auto vars:     Size  Location     Type
  temp            1    7[COMRAM] unsigned char 
 Return value:  Size  Location     Type
                  2    1[COMRAM] unsigned int 
 Registers used:
		wreg, status,2, cstack
 Tracked objects:
		On entry : 
		On exit  : 
		Unchanged: 
 Data sizes:     COMRAM   BANK0   BANK1   BANK2   BANK3   BANK4   BANK5   BANK6   BANK7   BANK8   BANK9  BANK10  BANK11  BANK12  BANK13  BANK14
      Params:         3       0       0       0       0       0       0       0       0       0       0       0       0       0       0       0
      Locals:         1       0       0       0       0       0       0       0       0       0       0       0       0       0       0       0
      Temps:          3       0       0       0       0       0       0       0       0       0       0       0       0       0       0       0
      Totals:         7       0       0       0       0       0       0       0       0       0       0       0       0       0       0       0
Total ram usage:        7 bytes
 Hardware stack levels used:    1
 Hardware stack levels required when called:    1
 This function calls:
		_SPI_Exchange8bit
 This function is called by:
		_FT800_Init
 This function uses a non-reentrant model


 *************** function _host_command *****************
 Defined at:
		line 8 in file "Gue/FT800.c"
 Parameters:    Size  Location     Type
  command         1    wreg     unsigned char 
 Auto vars:     Size  Location     Type
  command         1    1[COMRAM] unsigned char 
 Return value:  Size  Location     Type
                  1    wreg      void 
 Registers used:
		wreg, status,2, cstack
 Tracked objects:
		On entry : 
		On exit  : 
		Unchanged: 
 Data sizes:     COMRAM   BANK0   BANK1   BANK2   BANK3   BANK4   BANK5   BANK6   BANK7   BANK8   BANK9  BANK10  BANK11  BANK12  BANK13  BANK14
      Params:         0       0       0       0       0       0       0       0       0       0       0       0       0       0       0       0
      Locals:         1       0       0       0       0       0       0       0       0       0       0       0       0       0       0       0
      Temps:          0       0       0       0       0       0       0       0       0       0       0       0       0       0       0       0
      Totals:         1       0       0       0       0       0       0       0       0       0       0       0       0       0       0       0
Total ram usage:        1 bytes
 Hardware stack levels used:    1
 Hardware stack levels required when called:    1
 This function calls:
		_SPI_Exchange8bit
 This function is called by:
		_FT800_Init
 This function uses a non-reentrant model


 *************** function _SPI_Exchange8bit *****************
 Defined at:
		line 77 in file "mcc_generated_files/spi.c"
 Parameters:    Size  Location     Type
  data            1    wreg     unsigned char 
 Auto vars:     Size  Location     Type
  data            1    0[COMRAM] unsigned char 
 Return value:  Size  Location     Type
                  1    wreg      unsigned char 
 Registers used:
		wreg, status,2
 Tracked objects:
		On entry : 
		On exit  : 
		Unchanged: 
 Data sizes:     COMRAM   BANK0   BANK1   BANK2   BANK3   BANK4   BANK5   BANK6   BANK7   BANK8   BANK9  BANK10  BANK11  BANK12  BANK13  BANK14
      Params:         0       0       0       0       0       0       0       0       0       0       0       0       0       0       0       0
      Locals:         1       0       0       0       0       0       0       0       0       0       0       0       0       0       0       0
      Temps:          0       0       0       0       0       0       0       0       0       0       0       0       0       0       0       0
      Totals:         1       0       0       0       0       0       0       0       0       0       0       0       0       0       0       0
Total ram usage:        1 bytes
 Hardware stack levels used:    1
 This function calls:
		Nothing
 This function is called by:
		_host_command
		_wr8
		_wr16
		_wr32
		_rd16
		_SPI_Exchange8bitBuffer
		_wr8s
		_rd8
		_rd32
 This function uses a non-reentrant model


 *************** function _CAN_transmit *****************
 Defined at:
		line 165 in file "mcc_generated_files/ecan.c"
 Parameters:    Size  Location     Type
  tempCanMsg      2   18[COMRAM] PTR struct .
		 -> main@test(14), 
 Auto vars:     Size  Location     Type
  tempSIDL        1   24[COMRAM] unsigned char 
  tempSIDH        1   23[COMRAM] unsigned char 
  tempEIDL        1   22[COMRAM] unsigned char 
  tempEIDH        1   21[COMRAM] unsigned char 
  returnValue     1   20[COMRAM] unsigned char 
 Return value:  Size  Location     Type
                  1    wreg      unsigned char 
 Registers used:
		wreg, fsr2l, fsr2h, status,2, status,0, cstack
 Tracked objects:
		On entry : 
		On exit  : 
		Unchanged: 
 Data sizes:     COMRAM   BANK0   BANK1   BANK2   BANK3   BANK4   BANK5   BANK6   BANK7   BANK8   BANK9  BANK10  BANK11  BANK12  BANK13  BANK14
      Params:         2       0       0       0       0       0       0       0       0       0       0       0       0       0       0       0
      Locals:         5       0       0       0       0       0       0       0       0       0       0       0       0       0       0       0
      Temps:          0       0       0       0       0       0       0       0       0       0       0       0       0       0       0       0
      Totals:         7       0       0       0       0       0       0       0       0       0       0       0       0       0       0       0
Total ram usage:        7 bytes
 Hardware stack levels used:    1
 Hardware stack levels required when called:    1
 This function calls:
		_convertCANid2Reg
 This function is called by:
		_main
 This function uses a non-reentrant model


 *************** function _convertCANid2Reg *****************
 Defined at:
		line 398 in file "mcc_generated_files/ecan.c"
 Parameters:    Size  Location     Type
  tempPassedIn    4    0[COMRAM] unsigned long 
  canIdType       1    4[COMRAM] unsigned char 
  passedInEIDH    2    5[COMRAM] PTR unsigned char 
		 -> CAN_transmit@tempEIDH(1), 
  passedInEIDL    2    7[COMRAM] PTR unsigned char 
		 -> CAN_transmit@tempEIDL(1), 
  passedInSIDH    2    9[COMRAM] PTR unsigned char 
		 -> CAN_transmit@tempSIDH(1), 
  passedInSIDL    2   11[COMRAM] PTR unsigned char 
		 -> CAN_transmit@tempSIDL(1), 
 Auto vars:     Size  Location     Type
  wipSIDL         1   17[COMRAM] unsigned char 
 Return value:  Size  Location     Type
                  1    wreg      void 
 Registers used:
		wreg, fsr2l, fsr2h, status,2, status,0
 Tracked objects:
		On entry : 
		On exit  : 
		Unchanged: 
 Data sizes:     COMRAM   BANK0   BANK1   BANK2   BANK3   BANK4   BANK5   BANK6   BANK7   BANK8   BANK9  BANK10  BANK11  BANK12  BANK13  BANK14
      Params:        13       0       0       0       0       0       0       0       0       0       0       0       0       0       0       0
      Locals:         1       0       0       0       0       0       0       0       0       0       0       0       0       0       0       0
      Temps:          4       0       0       0       0       0       0       0       0       0       0       0       0       0       0       0
      Totals:        18       0       0       0       0       0       0       0       0       0       0       0       0       0       0       0
Total ram usage:       18 bytes
 Hardware stack levels used:    1
 This function calls:
		Nothing
 This function is called by:
		_CAN_transmit
 This function uses a non-reentrant model


 *************** function _CAN_receive *****************
 Defined at:
		line 240 in file "mcc_generated_files/ecan.c"
 Parameters:    Size  Location     Type
  tempCanMsg      2   19[COMRAM] PTR struct .
		 -> main@test(14), 
 Auto vars:     Size  Location     Type
  returnValue     1   21[COMRAM] unsigned char 
 Return value:  Size  Location     Type
                  1    wreg      unsigned char 
 Registers used:
		wreg, fsr2l, fsr2h, status,2, status,0, cstack
 Tracked objects:
		On entry : 
		On exit  : 
		Unchanged: 
 Data sizes:     COMRAM   BANK0   BANK1   BANK2   BANK3   BANK4   BANK5   BANK6   BANK7   BANK8   BANK9  BANK10  BANK11  BANK12  BANK13  BANK14
      Params:         2       0       0       0       0       0       0       0       0       0       0       0       0       0       0       0
      Locals:         1       0       0       0       0       0       0       0       0       0       0       0       0       0       0       0
      Temps:          0       0       0       0       0       0       0       0       0       0       0       0       0       0       0       0
      Totals:         3       0       0       0       0       0       0       0       0       0       0       0       0       0       0       0
Total ram usage:        3 bytes
 Hardware stack levels used:    1
 Hardware stack levels required when called:    1
 This function calls:
		_convertReg2ExtendedCANid
		_convertReg2StandardCANid
 This function is called by:
		_main
 This function uses a non-reentrant model


 *************** function _convertReg2StandardCANid *****************
 Defined at:
		line 386 in file "mcc_generated_files/ecan.c"
 Parameters:    Size  Location     Type
  tempRXBn_SID    1    wreg     unsigned char 
  tempRXBn_SID    1    0[COMRAM] unsigned char 
 Auto vars:     Size  Location     Type
  tempRXBn_SID    1    6[COMRAM] unsigned char 
  ConvertedID     4   11[COMRAM] unsigned long 
  returnValue     4    7[COMRAM] unsigned long 
 Return value:  Size  Location     Type
                  4    0[COMRAM] unsigned long 
 Registers used:
		wreg, status,2, status,0
 Tracked objects:
		On entry : 
		On exit  : 
		Unchanged: 
 Data sizes:     COMRAM   BANK0   BANK1   BANK2   BANK3   BANK4   BANK5   BANK6   BANK7   BANK8   BANK9  BANK10  BANK11  BANK12  BANK13  BANK14
      Params:         4       0       0       0       0       0       0       0       0       0       0       0       0       0       0       0
      Locals:         9       0       0       0       0       0       0       0       0       0       0       0       0       0       0       0
      Temps:          2       0       0       0       0       0       0       0       0       0       0       0       0       0       0       0
      Totals:        15       0       0       0       0       0       0       0       0       0       0       0       0       0       0       0
Total ram usage:       15 bytes
 Hardware stack levels used:    1
 This function calls:
		Nothing
 This function is called by:
		_CAN_receive
 This function uses a non-reentrant model


 *************** function _convertReg2ExtendedCANid *****************
 Defined at:
		line 366 in file "mcc_generated_files/ecan.c"
 Parameters:    Size  Location     Type
  tempRXBn_EID    1    wreg     unsigned char 
  tempRXBn_EID    1    0[COMRAM] unsigned char 
  tempRXBn_SID    1    1[COMRAM] unsigned char 
  tempRXBn_SID    1    2[COMRAM] unsigned char 
 Auto vars:     Size  Location     Type
  tempRXBn_EID    1    8[COMRAM] unsigned char 
  ConvertedID     4   15[COMRAM] unsigned long 
  returnValue     4    9[COMRAM] unsigned long 
  CAN_standard    1   14[COMRAM] unsigned char 
  CAN_standard    1   13[COMRAM] unsigned char 
 Return value:  Size  Location     Type
                  4    0[COMRAM] unsigned long 
 Registers used:
		wreg, status,2, status,0
 Tracked objects:
		On entry : 
		On exit  : 
		Unchanged: 
 Data sizes:     COMRAM   BANK0   BANK1   BANK2   BANK3   BANK4   BANK5   BANK6   BANK7   BANK8   BANK9  BANK10  BANK11  BANK12  BANK13  BANK14
      Params:         4       0       0       0       0       0       0       0       0       0       0       0       0       0       0       0
      Locals:        11       0       0       0       0       0       0       0       0       0       0       0       0       0       0       0
      Temps:          4       0       0       0       0       0       0       0       0       0       0       0       0       0       0       0
      Totals:        19       0       0       0       0       0       0       0       0       0       0       0       0       0       0       0
Total ram usage:       19 bytes
 Hardware stack levels used:    1
 This function calls:
		Nothing
 This function is called by:
		_CAN_receive
 This function uses a non-reentrant model



MODULE INFORMATION

Module		Function		Class		Link	Load	Size
mcc_generated_files/pin_manager.c
		_PIN_MANAGER_Initialize		CODE           	71B8	0000	59

mcc_generated_files/pin_manager.c estimated size: 59

Gue/FT800.c
		_rd16          		CODE           	722E	0000	81
		_wr8           		CODE           	7182	0000	55
		_wr32          		CODE           	727E	0000	121
		_host_command  		CODE           	7168	0000	27
		_FT800_Init    		CODE           	7A38	0000	651
		_wr16          		CODE           	71F2	0000	61

Gue/FT800.c estimated size: 996

mcc_generated_files/ecan.c
		_CAN_receive   		CODE           	780E	0000	555
		_ECAN_Initialize		CODE           	7442	0000	231
		_convertReg2ExtendedCANid		CODE           	7528	0000	329
		_CAN_transmit  		CODE           	7CC2	0000	831
		_convertReg2StandardCANid		CODE           	72F6	0000	135
		_convertCANid2Reg		CODE           	7670	0000	415

mcc_generated_files/ecan.c estimated size: 2496

mcc_generated_files/spi.c
		_SPI_Exchange8bit		CODE           	7134	0000	17
		_SPI_Initialize		CODE           	7118	0000	15

mcc_generated_files/spi.c estimated size: 32

shared
		__initialization		CODE           	7126	0000	9

shared estimated size: 9

mcc_generated_files/mcc.c
		_OSCILLATOR_Initialize		CODE           	7144	0000	19
		_SYSTEM_Initialize		CODE           	7156	0000	19

mcc_generated_files/mcc.c estimated size: 38

main.c
		_main          		CODE           	737C	0000	199

main.c estimated size: 199

